Component: ARM Compiler 5.06 update 7 (build 960) Tool: armlink [4d3601]

==============================================================================

Section Cross References

    system.o(i.system_Init) refers to misc.o(i.NVIC_PriorityGroupConfig) for NVIC_PriorityGroupConfig
    system.o(i.system_Init) refers to nrf24l01.o(i.NRF24L01_Init) for NRF24L01_Init
    system.o(i.system_Init) refers to rocker.o(i.Rocker_Init) for Rocker_Init
    system.o(i.system_Init) refers to watch_dog.o(i.Watch_dog_Init) for Watch_dog_Init
    main.o(i.main) refers to system.o(i.system_Init) for system_Init
    main.o(i.main) refers to 2.4g_protocol.o(i.Fill_Control_Data) for Fill_Control_Data
    main.o(i.main) refers to 2.4g_protocol.o(i.Send_Packet) for Send_Packet
    main.o(i.main) refers to stm32f10x_iwdg.o(i.IWDG_ReloadCounter) for IWDG_ReloadCounter
    main.o(i.main) refers to delay.o(i.Delay_ms) for Delay_ms
    rocker.o(i.ADC_GPIO_Init) refers to stm32f10x_rcc.o(i.RCC_APB2PeriphClockCmd) for RCC_APB2PeriphClockCmd
    rocker.o(i.ADC_GPIO_Init) refers to stm32f10x_gpio.o(i.GPIO_Init) for GPIO_Init
    rocker.o(i.DMA1_Channel1_IRQHandler) refers to stm32f10x_dma.o(i.DMA_GetITStatus) for DMA_GetITStatus
    rocker.o(i.DMA1_Channel1_IRQHandler) refers to stm32f10x_dma.o(i.DMA_ClearITPendingBit) for DMA_ClearITPendingBit
    rocker.o(i.DMA1_Channel1_IRQHandler) refers to stm32f10x_dma.o(i.DMA_Cmd) for DMA_Cmd
    rocker.o(i.DMA1_Channel1_IRQHandler) refers to stm32f10x_dma.o(i.DMA_SetCurrDataCounter) for DMA_SetCurrDataCounter
    rocker.o(i.EXTI9_5_IRQHandler) refers to stm32f10x_exti.o(i.EXTI_GetITStatus) for EXTI_GetITStatus
    rocker.o(i.EXTI9_5_IRQHandler) refers to stm32f10x_exti.o(i.EXTI_ClearITPendingBit) for EXTI_ClearITPendingBit
    rocker.o(i.EXTI9_5_IRQHandler) refers to 2.4g_protocol.o(.data) for Plane_Lock_FLAG
    rocker.o(i.Rocker_DMA_Init) refers to stm32f10x_rcc.o(i.RCC_AHBPeriphClockCmd) for RCC_AHBPeriphClockCmd
    rocker.o(i.Rocker_DMA_Init) refers to stm32f10x_dma.o(i.DMA_Init) for DMA_Init
    rocker.o(i.Rocker_DMA_Init) refers to misc.o(i.NVIC_Init) for NVIC_Init
    rocker.o(i.Rocker_DMA_Init) refers to stm32f10x_dma.o(i.DMA_Cmd) for DMA_Cmd
    rocker.o(i.Rocker_DMA_Init) refers to stm32f10x_dma.o(i.DMA_ITConfig) for DMA_ITConfig
    rocker.o(i.Rocker_DMA_Init) refers to rocker.o(.data) for Rocker_Data
    rocker.o(i.Rocker_Init) refers to rocker.o(i.ADC_GPIO_Init) for ADC_GPIO_Init
    rocker.o(i.Rocker_Init) refers to rocker.o(i.Rocker_Int_Init) for Rocker_Int_Init
    rocker.o(i.Rocker_Init) refers to stm32f10x_rcc.o(i.RCC_ADCCLKConfig) for RCC_ADCCLKConfig
    rocker.o(i.Rocker_Init) refers to stm32f10x_rcc.o(i.RCC_APB2PeriphClockCmd) for RCC_APB2PeriphClockCmd
    rocker.o(i.Rocker_Init) refers to stm32f10x_adc.o(i.ADC_Init) for ADC_Init
    rocker.o(i.Rocker_Init) refers to stm32f10x_adc.o(i.ADC_RegularChannelConfig) for ADC_RegularChannelConfig
    rocker.o(i.Rocker_Init) refers to stm32f10x_adc.o(i.ADC_ExternalTrigConvCmd) for ADC_ExternalTrigConvCmd
    rocker.o(i.Rocker_Init) refers to stm32f10x_adc.o(i.ADC_ResetCalibration) for ADC_ResetCalibration
    rocker.o(i.Rocker_Init) refers to stm32f10x_adc.o(i.ADC_GetResetCalibrationStatus) for ADC_GetResetCalibrationStatus
    rocker.o(i.Rocker_Init) refers to stm32f10x_adc.o(i.ADC_StartCalibration) for ADC_StartCalibration
    rocker.o(i.Rocker_Init) refers to stm32f10x_adc.o(i.ADC_GetCalibrationStatus) for ADC_GetCalibrationStatus
    rocker.o(i.Rocker_Init) refers to stm32f10x_adc.o(i.ADC_DMACmd) for ADC_DMACmd
    rocker.o(i.Rocker_Init) refers to rocker.o(i.Rocker_Timer_Init) for Rocker_Timer_Init
    rocker.o(i.Rocker_Init) refers to rocker.o(i.Rocker_DMA_Init) for Rocker_DMA_Init
    rocker.o(i.Rocker_Init) refers to stm32f10x_adc.o(i.ADC_Cmd) for ADC_Cmd
    rocker.o(i.Rocker_Init) refers to stm32f10x_tim.o(i.TIM_Cmd) for TIM_Cmd
    rocker.o(i.Rocker_Init) refers to stm32f10x_dma.o(i.DMA_Cmd) for DMA_Cmd
    rocker.o(i.Rocker_Int_Init) refers to stm32f10x_rcc.o(i.RCC_APB2PeriphClockCmd) for RCC_APB2PeriphClockCmd
    rocker.o(i.Rocker_Int_Init) refers to stm32f10x_gpio.o(i.GPIO_Init) for GPIO_Init
    rocker.o(i.Rocker_Int_Init) refers to stm32f10x_gpio.o(i.GPIO_EXTILineConfig) for GPIO_EXTILineConfig
    rocker.o(i.Rocker_Int_Init) refers to stm32f10x_exti.o(i.EXTI_Init) for EXTI_Init
    rocker.o(i.Rocker_Int_Init) refers to misc.o(i.NVIC_Init) for NVIC_Init
    rocker.o(i.Rocker_Timer_Init) refers to stm32f10x_rcc.o(i.RCC_APB1PeriphClockCmd) for RCC_APB1PeriphClockCmd
    rocker.o(i.Rocker_Timer_Init) refers to stm32f10x_tim.o(i.TIM_TimeBaseInit) for TIM_TimeBaseInit
    rocker.o(i.Rocker_Timer_Init) refers to stm32f10x_tim.o(i.TIM_SelectOutputTrigger) for TIM_SelectOutputTrigger
    rocker.o(i.Rocker_Timer_Init) refers to stm32f10x_tim.o(i.TIM_Cmd) for TIM_Cmd
[...]
    entry.o(.ARM.Collect$$$$00000000) refers (Special) to entry9a.o(.ARM.Collect$$$$0000000B) for _main_init
    entry.o(.ARM.Collect$$$$00000000) refers (Special) to entry5.o(.ARM.Collect$$$$00000004) for _main_scatterload
    entry.o(.ARM.Collect$$$$00000000) refers (Special) to entry2.o(.ARM.Collect$$$$00000001) for _main_stk
    fadd.o(.text) refers (Special) to iusefp.o(.text) for __I$use$fp
    fadd.o(.text) refers to fepilogue.o(.text) for _float_epilogue
    fmul.o(.text) refers (Special) to iusefp.o(.text) for __I$use$fp
    fdiv.o(.text) refers (Special) to iusefp.o(.text) for __I$use$fp
    fdiv.o(.text) refers to fepilogue.o(.text) for _float_round
    ffltui.o(.text) refers (Special) to iusefp.o(.text) for __I$use$fp
    ffltui.o(.text) refers to fepilogue.o(.text) for _float_epilogue
    ffixi.o(.text) refers (Special) to iusefp.o(.text) for __I$use$fp
    ffixui.o(.text) refers (Special) to iusefp.o(.text) for __I$use$fp
    dfixui.o(.text) refers (Special) to iusefp.o(.text) for __I$use$fp
    dfixui.o(.text) refers to llushr.o(.text) for __aeabi_llsr
    f2d.o(.text) refers (Special) to iusefp.o(.text) for __I$use$fp
    cfcmple.o(.text) refers (Special) to iusefp.o(.text) for __I$use$fp
    cfrcmple.o(.text) refers (Special) to iusefp.o(.text) for __I$use$fp
    entry2.o(.ARM.Collect$$$$00000001) refers to entry2.o(.ARM.Collect$$$$00002712) for __lit__00000000
    entry2.o(.ARM.Collect$$$$00002712) refers to startup_stm32f10x_md.o(STACK) for __initial_sp
    entry2.o(__vectab_stack_and_reset_area) refers to startup_stm32f10x_md.o(STACK) for __initial_sp
    entry2.o(__vectab_stack_and_reset_area) refers to entry.o(.ARM.Collect$$$$00000000) for __main
    entry5.o(.ARM.Collect$$$$00000004) refers to init.o(.text) for __scatterload
    entry9a.o(.ARM.Collect$$$$0000000B) refers to main.o(i.main) for main
    entry9b.o(.ARM.Collect$$$$0000000C) refers to main.o(i.main) for main
    dadd.o(.text) refers to llshl.o(.text) for __aeabi_llsl
    dadd.o(.text) refers to llsshr.o(.text) for __aeabi_lasr
    dadd.o(.text) refers to depilogue.o(.text) for _double_epilogue
    drnd.o(.text) refers to llshl.o(.text) for __aeabi_llsl
    drnd.o(.text) refers to llushr.o(.text) for __aeabi_llsr
    drnd.o(.text) refers to depilogue.o(.text) for _double_round
    init.o(.text) refers to entry5.o(.ARM.Collect$$$$00000004) for __main_after_scatterload
    depilogue.o(.text) refers to llshl.o(.text) for __aeabi_llsl
    depilogue.o(.text) refers to llushr.o(.text) for __aeabi_llsr


==============================================================================

Removing Unused input sections from the image.

    Removing 2.4g_protocol.o(i.Open_Packet), (24 bytes).
    Removing delay.o(i.Delay_s), (24 bytes).
    Removing i2c.o(i.SI2C_Init), (80 bytes).
    Removing i2c.o(i.SI2C_SCK), (24 bytes).
    Removing i2c.o(i.SI2C_SDA), (24 bytes).
    Removing i2c.o(i.SI2C_SendByte), (74 bytes).
    Removing i2c.o(i.SI2C_SendData), (34 bytes).
    Removing i2c.o(i.SI2C_Start), (34 bytes).
    Removing i2c.o(i.SI2C_Stop), (46 bytes).
    Removing i2c.o(i.SI2C_WaitACK), (48 bytes).
    Removing usart.o(i.My_USART_Init), (128 bytes).
    Removing usart.o(i.fputc), (36 bytes).
    Removing oled.o(i.oled_Init), (176 bytes).
    Removing oled.o(i.oled_Pointer), (56 bytes).
    Removing oled.o(i.oled_Pow), (22 bytes).
    Removing oled.o(i.oled_SendData), (46 bytes).
    Removing oled.o(i.oled_UpData), (40 bytes).
    Removing oled.o(i.oled_clear), (44 bytes).
    Removing oled.o(i.oled_showFloatNum), (204 bytes).
    Removing oled.o(i.oled_showHexNum), (94 bytes).
    Removing oled.o(i.oled_showNum), (74 bytes).
    Removing oled.o(i.oled_showSignNum), (64 bytes).
    Removing oled.o(i.oled_showchar), (460 bytes).
    Removing oled.o(i.oled_showimage), (476 bytes).
    Removing oled.o(i.oled_showstr), (40 bytes).
    Removing oled.o(.bss), (1024 bytes).
    Removing oled.o(.data), (1520 bytes).
    Removing nrf24l01.o(i.NRF24L01_EN_DPL), (46 bytes).
    Removing nrf24l01.o(i.NRF24L01_EN_FEATURE), (30 bytes).
    Removing nrf24l01.o(i.NRF24L01_EN_Interrupt), (30 bytes).
    Removing nrf24l01.o(i.NRF24L01_EnterPowerDown), (32 bytes).
    Removing nrf24l01.o(i.NRF24L01_EnterStandby_1), (42 bytes).
    Removing nrf24l01.o(i.NRF24L01_GetDataPipe), (14 bytes).
    Removing nrf24l01.o(i.NRF24L01_GetITFLAG), (38 bytes).
    Removing nrf24l01.o(i.NRF24L01_R_Regs), (54 bytes).
    Removing nrf24l01.o(i.NRF24L01_R_RxFIFO), (142 bytes).
    Removing nrf24l01.o(i.NRF24L01_R_RxNum), (24 bytes).
    Removing nrf24l01.o(.bss), (33 bytes).
    Removing core_cm3.o(.emb_text), (32 bytes).
    Removing startup_stm32f10x_md.o(HEAP), (512 bytes).
    Removing system_stm32f10x.o(i.SystemCoreClockUpdate), (164 bytes).
    Removing system_stm32f10x.o(.data), (20 bytes).
    Removing misc.o(i.NVIC_SetVectorTable), (20 bytes).
    Removing misc.o(i.NVIC_SystemLPConfig), (32 bytes).
    Removing misc.o(i.SysTick_CLKSourceConfig), (40 bytes).
    Removing stm32f10x_adc.o(i.ADC_AnalogWatchdogCmd), (20 bytes).
    Removing stm32f10x_adc.o(i.ADC_AnalogWatchdogSingleChannelConfig), (16 bytes).
    Removing stm32f10x_adc.o(i.ADC_AnalogWatchdogThresholdsConfig), (6 bytes).
    Removing stm32f10x_adc.o(i.ADC_AutoInjectedConvCmd), (22 bytes).
    Removing stm32f10x_adc.o(i.ADC_ClearFlag), (6 bytes).
    Removing stm32f10x_adc.o(i.ADC_ClearITPendingBit), (10 bytes).
    Removing stm32f10x_adc.o(i.ADC_DeInit), (92 bytes).
    Removing stm32f10x_adc.o(i.ADC_DiscModeChannelCountConfig), (24 bytes).
    Removing stm32f10x_adc.o(i.ADC_DiscModeCmd), (22 bytes).
    Removing stm32f10x_adc.o(i.ADC_ExternalTrigInjectedConvCmd), (22 bytes).
    Removing stm32f10x_adc.o(i.ADC_ExternalTrigInjectedConvConfig), (16 bytes).
    Removing stm32f10x_adc.o(i.ADC_GetConversionValue), (8 bytes).
    Removing stm32f10x_adc.o(i.ADC_GetDualModeConversionValue), (12 bytes).
    Removing stm32f10x_adc.o(i.ADC_GetFlagStatus), (18 bytes).
    Removing stm32f10x_adc.o(i.ADC_GetITStatus), (36 bytes).
    Removing stm32f10x_adc.o(i.ADC_GetInjectedConversionValue), (28 bytes).
    Removing stm32f10x_adc.o(i.ADC_GetSoftwareStartConvStatus), (20 bytes).
    Removing stm32f10x_adc.o(i.ADC_GetSoftwareStartInjectedConvCmdStatus), (20 bytes).
    Removing stm32f10x_adc.o(i.ADC_ITConfig), (24 bytes).
    Removing stm32f10x_adc.o(i.ADC_InjectedChannelConfig), (130 bytes).
    Removing stm32f10x_adc.o(i.ADC_InjectedDiscModeCmd), (22 bytes).
    Removing stm32f10x_adc.o(i.ADC_InjectedSequencerLengthConfig), (24 bytes).
    Removing stm32f10x_adc.o(i.ADC_SetInjectedOffset), (20 bytes).
    Removing stm32f10x_adc.o(i.ADC_SoftwareStartConvCmd), (22 bytes).
    Removing stm32f10x_adc.o(i.ADC_SoftwareStartInjectedConvCmd), (22 bytes).
    Removing stm32f10x_adc.o(i.ADC_StructInit), (18 bytes).
    Removing stm32f10x_adc.o(i.ADC_TempSensorVrefintCmd), (36 bytes).
    Removing stm32f10x_bkp.o(i.BKP_ClearFlag), (20 bytes).
    Removing stm32f10x_bkp.o(i.BKP_ClearITPendingBit), (20 bytes).
    Removing stm32f10x_bkp.o(i.BKP_DeInit), (16 bytes).
    Removing stm32f10x_bkp.o(i.BKP_GetFlagStatus), (12 bytes).
    Removing stm32f10x_bkp.o(i.BKP_GetITStatus), (12 bytes).
    Removing stm32f10x_bkp.o(i.BKP_ITConfig), (12 bytes).
    Removing stm32f10x_bkp.o(i.BKP_RTCOutputConfig), (28 bytes).
    Removing stm32f10x_bkp.o(i.BKP_ReadBackupRegister), (28 bytes).
    Removing stm32f10x_bkp.o(i.BKP_SetRTCCalibrationValue), (28 bytes).
    Removing stm32f10x_bkp.o(i.BKP_TamperPinCmd), (12 bytes).
    Removing stm32f10x_bkp.o(i.BKP_TamperPinLevelConfig), (12 bytes).
    Removing stm32f10x_bkp.o(i.BKP_WriteBackupRegister), (28 bytes).
    Removing stm32f10x_can.o(i.CAN_CancelTransmit), (48 bytes).
    Removing stm32f10x_can.o(i.CAN_ClearFlag), (56 bytes).
    Removing stm32f10x_can.o(i.CAN_ClearITPendingBit), (168 bytes).
    Removing stm32f10x_can.o(i.CAN_DBGFreeze), (22 bytes).
    Removing stm32f10x_can.o(i.CAN_DeInit), (56 bytes).
    Removing stm32f10x_can.o(i.CAN_FIFORelease), (22 bytes).
    Removing stm32f10x_can.o(i.CAN_FilterInit), (264 bytes).
    Removing stm32f10x_can.o(i.CAN_GetFlagStatus), (120 bytes).
    Removing stm32f10x_can.o(i.CAN_GetITStatus), (288 bytes).
    Removing stm32f10x_can.o(i.CAN_GetLSBTransmitErrorCounter), (12 bytes).
    Removing stm32f10x_can.o(i.CAN_GetLastErrorCode), (12 bytes).
    Removing stm32f10x_can.o(i.CAN_GetReceiveErrorCounter), (10 bytes).
    Removing stm32f10x_can.o(i.CAN_ITConfig), (18 bytes).
    Removing stm32f10x_can.o(i.CAN_Init), (276 bytes).
    Removing stm32f10x_can.o(i.CAN_MessagePending), (30 bytes).
    Removing stm32f10x_can.o(i.CAN_OperatingModeRequest), (162 bytes).
    Removing stm32f10x_can.o(i.CAN_Receive), (240 bytes).
    Removing stm32f10x_can.o(i.CAN_SlaveStartBank), (52 bytes).
    Removing stm32f10x_can.o(i.CAN_Sleep), (30 bytes).
    Removing stm32f10x_can.o(i.CAN_StructInit), (32 bytes).
    Removing stm32f10x_can.o(i.CAN_TTComModeCmd), (118 bytes).
    Removing stm32f10x_can.o(i.CAN_Transmit), (294 bytes).
    Removing stm32f10x_can.o(i.CAN_TransmitStatus), (160 bytes).
    Removing stm32f10x_can.o(i.CAN_WakeUp), (48 bytes).
    Removing stm32f10x_can.o(i.CheckITStatus), (18 bytes).
    Removing stm32f10x_cec.o(i.CEC_ClearFlag), (36 bytes).
    Removing stm32f10x_cec.o(i.CEC_ClearITPendingBit), (36 bytes).
    Removing stm32f10x_cec.o(i.CEC_Cmd), (32 bytes).
    Removing stm32f10x_cec.o(i.CEC_DeInit), (22 bytes).
    Removing stm32f10x_cec.o(i.CEC_EndOfMessageCmd), (12 bytes).
    Removing stm32f10x_cec.o(i.CEC_GetFlagStatus), (48 bytes).
    Removing stm32f10x_cec.o(i.CEC_GetITStatus), (40 bytes).
    Removing stm32f10x_cec.o(i.CEC_ITConfig), (12 bytes).
    Removing stm32f10x_cec.o(i.CEC_Init), (32 bytes).
    Removing stm32f10x_cec.o(i.CEC_OwnAddressConfig), (12 bytes).
    Removing stm32f10x_cec.o(i.CEC_ReceiveDataByte), (12 bytes).
    Removing stm32f10x_cec.o(i.CEC_SendDataByte), (12 bytes).
    Removing stm32f10x_cec.o(i.CEC_SetPrescaler), (12 bytes).
    Removing stm32f10x_cec.o(i.CEC_StartOfMessage), (12 bytes).
    Removing stm32f10x_crc.o(i.CRC_CalcBlockCRC), (36 bytes).
    Removing stm32f10x_crc.o(i.CRC_CalcCRC), (16 bytes).
    Removing stm32f10x_crc.o(i.CRC_GetCRC), (12 bytes).
    Removing stm32f10x_crc.o(i.CRC_GetIDRegister), (12 bytes).
    Removing stm32f10x_crc.o(i.CRC_ResetDR), (12 bytes).
    Removing stm32f10x_crc.o(i.CRC_SetIDRegister), (12 bytes).
    Removing stm32f10x_dac.o(i.DAC_Cmd), (40 bytes).
    Removing stm32f10x_dac.o(i.DAC_DMACmd), (44 bytes).
    Removing stm32f10x_dac.o(i.DAC_DeInit), (22 bytes).
    Removing stm32f10x_dac.o(i.DAC_DualSoftwareTriggerCmd), (36 bytes).
    Removing stm32f10x_dac.o(i.DAC_GetDataOutputValue), (36 bytes).
    Removing stm32f10x_dac.o(i.DAC_Init), (52 bytes).
    Removing stm32f10x_dac.o(i.DAC_SetChannel1Data), (32 bytes).
    Removing stm32f10x_dac.o(i.DAC_SetChannel2Data), (32 bytes).
    Removing stm32f10x_dac.o(i.DAC_SetDualChannelData), (36 bytes).
    Removing stm32f10x_dac.o(i.DAC_SoftwareTriggerCmd), (44 bytes).
    Removing stm32f10x_dac.o(i.DAC_StructInit), (12 bytes).
    Removing stm32f10x_dac.o(i.DAC_WaveGenerationCmd), (40 bytes).
    Removing stm32f10x_dbgmcu.o(i.DBGMCU_Config), (32 bytes).
    Removing stm32f10x_dbgmcu.o(i.DBGMCU_GetDEVID), (16 bytes).
    Removing stm32f10x_dbgmcu.o(i.DBGMCU_GetREVID), (12 bytes).
    Removing stm32f10x_dma.o(i.DMA_ClearFlag), (28 bytes).
    Removing stm32f10x_dma.o(i.DMA_DeInit), (332 bytes).
    Removing stm32f10x_dma.o(i.DMA_GetCurrDataCounter), (8 bytes).
    Removing stm32f10x_dma.o(i.DMA_GetFlagStatus), (44 bytes).
    Removing stm32f10x_dma.o(i.DMA_StructInit), (26 bytes).
    Removing stm32f10x_exti.o(i.EXTI_ClearFlag), (12 bytes).
    Removing stm32f10x_exti.o(i.EXTI_DeInit), (36 bytes).
    Removing stm32f10x_exti.o(i.EXTI_GenerateSWInterrupt), (16 bytes).
    Removing stm32f10x_exti.o(i.EXTI_GetFlagStatus), (24 bytes).
    Removing stm32f10x_exti.o(i.EXTI_StructInit), (16 bytes).
    Removing stm32f10x_flash.o(i.FLASH_ClearFlag), (12 bytes).
    Removing stm32f10x_flash.o(i.FLASH_EnableWriteProtection), (196 bytes).
    Removing stm32f10x_flash.o(i.FLASH_EraseAllBank1Pages), (72 bytes).
    Removing stm32f10x_flash.o(i.FLASH_EraseAllPages), (72 bytes).
    Removing stm32f10x_flash.o(i.FLASH_EraseOptionBytes), (168 bytes).
    Removing stm32f10x_flash.o(i.FLASH_ErasePage), (76 bytes).
    Removing stm32f10x_flash.o(i.FLASH_GetBank1Status), (52 bytes).
    Removing stm32f10x_flash.o(i.FLASH_GetFlagStatus), (48 bytes).
    Removing stm32f10x_flash.o(i.FLASH_GetPrefetchBufferStatus), (24 bytes).
    Removing stm32f10x_flash.o(i.FLASH_GetReadOutProtectionStatus), (24 bytes).
    Removing stm32f10x_flash.o(i.FLASH_GetStatus), (52 bytes).
    Removing stm32f10x_flash.o(i.FLASH_GetUserOptionByte), (12 bytes).
    Removing stm32f10x_flash.o(i.FLASH_GetWriteProtectionOptionByte), (12 bytes).
    Removing stm32f10x_flash.o(i.FLASH_HalfCycleAccessCmd), (28 bytes).
    Removing stm32f10x_flash.o(i.FLASH_ITConfig), (32 bytes).
    Removing stm32f10x_flash.o(i.FLASH_Lock), (20 bytes).
    Removing stm32f10x_flash.o(i.FLASH_LockBank1), (20 bytes).
    Removing stm32f10x_flash.o(i.FLASH_PrefetchBufferCmd), (28 bytes).
    Removing stm32f10x_flash.o(i.FLASH_ProgramHalfWord), (64 bytes).
    Removing stm32f10x_flash.o(i.FLASH_ProgramOptionByteData), (84 bytes).
    Removing stm32f10x_flash.o(i.FLASH_ProgramWord), (108 bytes).
    Removing stm32f10x_flash.o(i.FLASH_ReadOutProtection), (172 bytes).
    Removing stm32f10x_flash.o(i.FLASH_SetLatency), (24 bytes).
    Removing stm32f10x_flash.o(i.FLASH_Unlock), (24 bytes).
    Removing stm32f10x_flash.o(i.FLASH_UnlockBank1), (24 bytes).
    Removing stm32f10x_flash.o(i.FLASH_UserOptionByteConfig), (104 bytes).
    Removing stm32f10x_flash.o(i.FLASH_WaitForLastBank1Operation), (38 bytes).
    Removing stm32f10x_flash.o(i.FLASH_WaitForLastOperation), (38 bytes).
    Removing stm32f10x_fsmc.o(i.FSMC_ClearFlag), (64 bytes).
    Removing stm32f10x_fsmc.o(i.FSMC_ClearITPendingBit), (72 bytes).
    Removing stm32f10x_fsmc.o(i.FSMC_GetECC), (28 bytes).
    Removing stm32f10x_fsmc.o(i.FSMC_GetFlagStatus), (56 bytes).
    Removing stm32f10x_fsmc.o(i.FSMC_GetITStatus), (68 bytes).
    Removing stm32f10x_fsmc.o(i.FSMC_ITConfig), (128 bytes).
    Removing stm32f10x_fsmc.o(i.FSMC_NANDCmd), (92 bytes).
    Removing stm32f10x_fsmc.o(i.FSMC_NANDDeInit), (68 bytes).
    Removing stm32f10x_fsmc.o(i.FSMC_NANDECCCmd), (92 bytes).
    Removing stm32f10x_fsmc.o(i.FSMC_NANDInit), (136 bytes).
    Removing stm32f10x_fsmc.o(i.FSMC_NANDStructInit), (54 bytes).
    Removing stm32f10x_fsmc.o(i.FSMC_NORSRAMCmd), (52 bytes).
    Removing stm32f10x_fsmc.o(i.FSMC_NORSRAMDeInit), (54 bytes).
    Removing stm32f10x_fsmc.o(i.FSMC_NORSRAMInit), (230 bytes).
    Removing stm32f10x_fsmc.o(i.FSMC_NORSRAMStructInit), (114 bytes).
    Removing stm32f10x_fsmc.o(i.FSMC_PCCARDCmd), (48 bytes).
    Removing stm32f10x_fsmc.o(i.FSMC_PCCARDDeInit), (40 bytes).
    Removing stm32f10x_fsmc.o(i.FSMC_PCCARDInit), (132 bytes).
    Removing stm32f10x_fsmc.o(i.FSMC_PCCARDStructInit), (60 bytes).
    Removing stm32f10x_gpio.o(i.GPIO_AFIODeInit), (20 bytes).
    Removing stm32f10x_gpio.o(i.GPIO_DeInit), (200 bytes).
    Removing stm32f10x_gpio.o(i.GPIO_ETH_MediaInterfaceConfig), (12 bytes).
    Removing stm32f10x_gpio.o(i.GPIO_EventOutputCmd), (12 bytes).
    Removing stm32f10x_gpio.o(i.GPIO_EventOutputConfig), (32 bytes).
    Removing stm32f10x_gpio.o(i.GPIO_PinLockConfig), (18 bytes).
    Removing stm32f10x_gpio.o(i.GPIO_PinRemapConfig), (144 bytes).
    Removing stm32f10x_gpio.o(i.GPIO_ReadInputData), (8 bytes).
    Removing stm32f10x_gpio.o(i.GPIO_ReadInputDataBit), (18 bytes).
    Removing stm32f10x_gpio.o(i.GPIO_ReadOutputData), (8 bytes).
    Removing stm32f10x_gpio.o(i.GPIO_ReadOutputDataBit), (18 bytes).
    Removing stm32f10x_gpio.o(i.GPIO_ResetBits), (4 bytes).
    Removing stm32f10x_gpio.o(i.GPIO_SetBits), (4 bytes).
    Removing stm32f10x_gpio.o(i.GPIO_StructInit), (16 bytes).
    Removing stm32f10x_gpio.o(i.GPIO_Write), (4 bytes).
    Removing stm32f10x_i2c.o(i.I2C_ARPCmd), (24 bytes).
    Removing stm32f10x_i2c.o(i.I2C_AcknowledgeConfig), (24 bytes).
    Removing stm32f10x_i2c.o(i.I2C_CalculatePEC), (24 bytes).
    Removing stm32f10x_i2c.o(i.I2C_CheckEvent), (42 bytes).
    Removing stm32f10x_i2c.o(i.I2C_ClearFlag), (12 bytes).
    Removing stm32f10x_i2c.o(i.I2C_ClearITPendingBit), (12 bytes).
    Removing stm32f10x_i2c.o(i.I2C_Cmd), (24 bytes).
    Removing stm32f10x_i2c.o(i.I2C_DMACmd), (24 bytes).
    Removing stm32f10x_i2c.o(i.I2C_DMALastTransferCmd), (24 bytes).
    Removing stm32f10x_i2c.o(i.I2C_DeInit), (56 bytes).
    Removing stm32f10x_i2c.o(i.I2C_DualAddressCmd), (24 bytes).
    Removing stm32f10x_i2c.o(i.I2C_FastModeDutyCycleConfig), (28 bytes).
    Removing stm32f10x_i2c.o(i.I2C_GeneralCallCmd), (24 bytes).
    Removing stm32f10x_i2c.o(i.I2C_GenerateSTART), (24 bytes).
    Removing stm32f10x_i2c.o(i.I2C_GenerateSTOP), (24 bytes).
    Removing stm32f10x_i2c.o(i.I2C_GetFlagStatus), (58 bytes).
    Removing stm32f10x_i2c.o(i.I2C_GetITStatus), (38 bytes).
    Removing stm32f10x_i2c.o(i.I2C_GetLastEvent), (26 bytes).
    Removing stm32f10x_i2c.o(i.I2C_GetPEC), (8 bytes).
    Removing stm32f10x_i2c.o(i.I2C_ITConfig), (18 bytes).
    Removing stm32f10x_i2c.o(i.I2C_Init), (236 bytes).
    Removing stm32f10x_i2c.o(i.I2C_NACKPositionConfig), (28 bytes).
    Removing stm32f10x_i2c.o(i.I2C_OwnAddress2Config), (22 bytes).
    Removing stm32f10x_i2c.o(i.I2C_PECPositionConfig), (28 bytes).
    Removing stm32f10x_i2c.o(i.I2C_ReadRegister), (22 bytes).
    Removing stm32f10x_i2c.o(i.I2C_ReceiveData), (8 bytes).
    Removing stm32f10x_i2c.o(i.I2C_SMBusAlertConfig), (28 bytes).
    Removing stm32f10x_i2c.o(i.I2C_Send7bitAddress), (18 bytes).
    Removing stm32f10x_i2c.o(i.I2C_SendData), (4 bytes).
    Removing stm32f10x_i2c.o(i.I2C_SoftwareResetCmd), (22 bytes).
    Removing stm32f10x_i2c.o(i.I2C_StretchClockCmd), (24 bytes).
    Removing stm32f10x_i2c.o(i.I2C_StructInit), (30 bytes).
    Removing stm32f10x_i2c.o(i.I2C_TransmitPEC), (24 bytes).
    Removing stm32f10x_iwdg.o(i.IWDG_GetFlagStatus), (24 bytes).
    Removing stm32f10x_pwr.o(i.PWR_BackupAccessCmd), (12 bytes).
    Removing stm32f10x_pwr.o(i.PWR_ClearFlag), (20 bytes).
    Removing stm32f10x_pwr.o(i.PWR_DeInit), (22 bytes).
    Removing stm32f10x_pwr.o(i.PWR_EnterSTANDBYMode), (40 bytes).
    Removing stm32f10x_pwr.o(i.PWR_EnterSTOPMode), (64 bytes).
    Removing stm32f10x_pwr.o(i.PWR_GetFlagStatus), (24 bytes).
    Removing stm32f10x_pwr.o(i.PWR_PVDCmd), (12 bytes).
    Removing stm32f10x_pwr.o(i.PWR_PVDLevelConfig), (24 bytes).
    Removing stm32f10x_pwr.o(i.PWR_WakeUpPinCmd), (12 bytes).
    Removing stm32f10x_rcc.o(i.RCC_APB1PeriphResetCmd), (32 bytes).
    Removing stm32f10x_rcc.o(i.RCC_APB2PeriphResetCmd), (32 bytes).
    Removing stm32f10x_rcc.o(i.RCC_AdjustHSICalibrationValue), (24 bytes).
    Removing stm32f10x_rcc.o(i.RCC_BackupResetCmd), (12 bytes).
    Removing stm32f10x_rcc.o(i.RCC_ClearFlag), (20 bytes).
    Removing stm32f10x_rcc.o(i.RCC_ClearITPendingBit), (12 bytes).
    Removing stm32f10x_rcc.o(i.RCC_ClockSecuritySystemCmd), (12 bytes).
    Removing stm32f10x_rcc.o(i.RCC_DeInit), (76 bytes).
    Removing stm32f10x_rcc.o(i.RCC_GetClocksFreq), (212 bytes).
    Removing stm32f10x_rcc.o(i.RCC_GetFlagStatus), (60 bytes).
    Removing stm32f10x_rcc.o(i.RCC_GetITStatus), (24 bytes).
    Removing stm32f10x_rcc.o(i.RCC_GetSYSCLKSource), (16 bytes).
    Removing stm32f10x_rcc.o(i.RCC_HCLKConfig), (24 bytes).
    Removing stm32f10x_rcc.o(i.RCC_HSEConfig), (76 bytes).
    Removing stm32f10x_rcc.o(i.RCC_HSICmd), (12 bytes).
    Removing stm32f10x_rcc.o(i.RCC_ITConfig), (32 bytes).
    Removing stm32f10x_rcc.o(i.RCC_LSEConfig), (52 bytes).
    Removing stm32f10x_rcc.o(i.RCC_LSICmd), (12 bytes).
    Removing stm32f10x_rcc.o(i.RCC_MCOConfig), (12 bytes).
    Removing stm32f10x_rcc.o(i.RCC_PCLK1Config), (24 bytes).
    Removing stm32f10x_rcc.o(i.RCC_PCLK2Config), (24 bytes).
    Removing stm32f10x_rcc.o(i.RCC_PLLCmd), (12 bytes).
    Removing stm32f10x_rcc.o(i.RCC_PLLConfig), (28 bytes).
    Removing stm32f10x_rcc.o(i.RCC_RTCCLKCmd), (12 bytes).
    Removing stm32f10x_rcc.o(i.RCC_RTCCLKConfig), (16 bytes).
    Removing stm32f10x_rcc.o(i.RCC_SYSCLKConfig), (24 bytes).
    Removing stm32f10x_rcc.o(i.RCC_USBCLKConfig), (12 bytes).
    Removing stm32f10x_rcc.o(i.RCC_WaitForHSEStartUp), (56 bytes).
    Removing stm32f10x_rcc.o(.data), (20 bytes).
    Removing stm32f10x_rtc.o(i.RTC_ClearFlag), (16 bytes).
    Removing stm32f10x_rtc.o(i.RTC_ClearITPendingBit), (16 bytes).
    Removing stm32f10x_rtc.o(i.RTC_EnterConfigMode), (20 bytes).
    Removing stm32f10x_rtc.o(i.RTC_ExitConfigMode), (20 bytes).
    Removing stm32f10x_rtc.o(i.RTC_GetCounter), (44 bytes).
    Removing stm32f10x_rtc.o(i.RTC_GetDivider), (24 bytes).
    Removing stm32f10x_rtc.o(i.RTC_GetFlagStatus), (24 bytes).
    Removing stm32f10x_rtc.o(i.RTC_GetITStatus), (36 bytes).
    Removing stm32f10x_rtc.o(i.RTC_ITConfig), (32 bytes).
    Removing stm32f10x_rtc.o(i.RTC_SetAlarm), (28 bytes).
    Removing stm32f10x_rtc.o(i.RTC_SetCounter), (28 bytes).
    Removing stm32f10x_rtc.o(i.RTC_SetPrescaler), (32 bytes).
    Removing stm32f10x_rtc.o(i.RTC_WaitForLastTask), (20 bytes).
    Removing stm32f10x_rtc.o(i.RTC_WaitForSynchro), (36 bytes).
    Removing stm32f10x_sdio.o(i.SDIO_CEATAITCmd), (16 bytes).
    Removing stm32f10x_sdio.o(i.SDIO_ClearFlag), (12 bytes).
    Removing stm32f10x_sdio.o(i.SDIO_ClearITPendingBit), (12 bytes).
    Removing stm32f10x_sdio.o(i.SDIO_ClockCmd), (12 bytes).
    Removing stm32f10x_sdio.o(i.SDIO_CmdStructInit), (14 bytes).
    Removing stm32f10x_sdio.o(i.SDIO_CommandCompletionCmd), (12 bytes).
    Removing stm32f10x_sdio.o(i.SDIO_DMACmd), (12 bytes).
    Removing stm32f10x_sdio.o(i.SDIO_DataConfig), (48 bytes).
    Removing stm32f10x_sdio.o(i.SDIO_DataStructInit), (20 bytes).
    Removing stm32f10x_sdio.o(i.SDIO_DeInit), (36 bytes).
    Removing stm32f10x_sdio.o(i.SDIO_GetCommandResponse), (12 bytes).
    Removing stm32f10x_sdio.o(i.SDIO_GetDataCounter), (12 bytes).
    Removing stm32f10x_sdio.o(i.SDIO_GetFIFOCount), (12 bytes).
    Removing stm32f10x_sdio.o(i.SDIO_GetFlagStatus), (24 bytes).
    Removing stm32f10x_sdio.o(i.SDIO_GetITStatus), (24 bytes).
    Removing stm32f10x_sdio.o(i.SDIO_GetPowerState), (16 bytes).
    Removing stm32f10x_sdio.o(i.SDIO_GetResponse), (24 bytes).
    Removing stm32f10x_sdio.o(i.SDIO_ITConfig), (32 bytes).
    Removing stm32f10x_sdio.o(i.SDIO_Init), (48 bytes).
    Removing stm32f10x_sdio.o(i.SDIO_ReadData), (12 bytes).
    Removing stm32f10x_sdio.o(i.SDIO_SendCEATACmd), (12 bytes).
    Removing stm32f10x_sdio.o(i.SDIO_SendCommand), (44 bytes).
    Removing stm32f10x_sdio.o(i.SDIO_SendSDIOSuspendCmd), (12 bytes).
    Removing stm32f10x_sdio.o(i.SDIO_SetPowerState), (12 bytes).
    Removing stm32f10x_sdio.o(i.SDIO_SetSDIOOperation), (12 bytes).
    Removing stm32f10x_sdio.o(i.SDIO_SetSDIOReadWaitMode), (12 bytes).
    Removing stm32f10x_sdio.o(i.SDIO_StartSDIOReadWait), (12 bytes).
    Removing stm32f10x_sdio.o(i.SDIO_StopSDIOReadWait), (12 bytes).
    Removing stm32f10x_sdio.o(i.SDIO_StructInit), (16 bytes).
    Removing stm32f10x_sdio.o(i.SDIO_WriteData), (12 bytes).
    Removing stm32f10x_spi.o(i.I2S_Cmd), (24 bytes).
    Removing stm32f10x_spi.o(i.I2S_Init), (232 bytes).
    Removing stm32f10x_spi.o(i.I2S_StructInit), (20 bytes).
    Removing stm32f10x_spi.o(i.SPI_BiDirectionalLineConfig), (28 bytes).
    Removing stm32f10x_spi.o(i.SPI_CalculateCRC), (24 bytes).
    Removing stm32f10x_spi.o(i.SPI_DataSizeConfig), (18 bytes).
    Removing stm32f10x_spi.o(i.SPI_GetCRC), (16 bytes).
    Removing stm32f10x_spi.o(i.SPI_GetCRCPolynomial), (6 bytes).
    Removing stm32f10x_spi.o(i.SPI_I2S_ClearFlag), (6 bytes).
    Removing stm32f10x_spi.o(i.SPI_I2S_ClearITPendingBit), (20 bytes).
    Removing stm32f10x_spi.o(i.SPI_I2S_DMACmd), (18 bytes).
    Removing stm32f10x_spi.o(i.SPI_I2S_DeInit), (88 bytes).
    Removing stm32f10x_spi.o(i.SPI_I2S_GetITStatus), (52 bytes).
    Removing stm32f10x_spi.o(i.SPI_I2S_ITConfig), (32 bytes).
    Removing stm32f10x_spi.o(i.SPI_NSSInternalSoftwareConfig), (30 bytes).
    Removing stm32f10x_spi.o(i.SPI_SSOutputCmd), (24 bytes).
    Removing stm32f10x_spi.o(i.SPI_StructInit), (24 bytes).
    Removing stm32f10x_spi.o(i.SPI_TransmitCRC), (10 bytes).
    Removing stm32f10x_tim.o(i.TI1_Config), (128 bytes).
    Removing stm32f10x_tim.o(i.TI2_Config), (152 bytes).
    Removing stm32f10x_tim.o(i.TI3_Config), (144 bytes).
    Removing stm32f10x_tim.o(i.TI4_Config), (152 bytes).
    Removing stm32f10x_tim.o(i.TIM_BDTRConfig), (32 bytes).
    Removing stm32f10x_tim.o(i.TIM_BDTRStructInit), (18 bytes).
    Removing stm32f10x_tim.o(i.TIM_CCPreloadControl), (24 bytes).
    Removing stm32f10x_tim.o(i.TIM_CCxCmd), (30 bytes).
    Removing stm32f10x_tim.o(i.TIM_CCxNCmd), (30 bytes).
    Removing stm32f10x_tim.o(i.TIM_ClearFlag), (6 bytes).
    Removing stm32f10x_tim.o(i.TIM_ClearITPendingBit), (6 bytes).
    Removing stm32f10x_tim.o(i.TIM_ClearOC1Ref), (18 bytes).
    Removing stm32f10x_tim.o(i.TIM_ClearOC2Ref), (24 bytes).
    Removing stm32f10x_tim.o(i.TIM_ClearOC3Ref), (18 bytes).
    Removing stm32f10x_tim.o(i.TIM_ClearOC4Ref), (24 bytes).
    Removing stm32f10x_tim.o(i.TIM_CounterModeConfig), (18 bytes).
    Removing stm32f10x_tim.o(i.TIM_CtrlPWMOutputs), (30 bytes).
    Removing stm32f10x_tim.o(i.TIM_DMACmd), (18 bytes).
    Removing stm32f10x_tim.o(i.TIM_DMAConfig), (10 bytes).
    Removing stm32f10x_tim.o(i.TIM_DeInit), (488 bytes).
    Removing stm32f10x_tim.o(i.TIM_ETRClockMode1Config), (54 bytes).
    Removing stm32f10x_tim.o(i.TIM_ETRClockMode2Config), (32 bytes).
    Removing stm32f10x_tim.o(i.TIM_ETRConfig), (28 bytes).
    Removing stm32f10x_tim.o(i.TIM_EncoderInterfaceConfig), (66 bytes).
    Removing stm32f10x_tim.o(i.TIM_ForcedOC1Config), (18 bytes).
    Removing stm32f10x_tim.o(i.TIM_ForcedOC2Config), (26 bytes).
    Removing stm32f10x_tim.o(i.TIM_ForcedOC3Config), (18 bytes).
    Removing stm32f10x_tim.o(i.TIM_ForcedOC4Config), (26 bytes).
    Removing stm32f10x_tim.o(i.TIM_GenerateEvent), (4 bytes).
    Removing stm32f10x_tim.o(i.TIM_GetCapture1), (6 bytes).
    Removing stm32f10x_tim.o(i.TIM_GetCapture2), (6 bytes).
    Removing stm32f10x_tim.o(i.TIM_GetCapture3), (6 bytes).
    Removing stm32f10x_tim.o(i.TIM_GetCapture4), (8 bytes).
    Removing stm32f10x_tim.o(i.TIM_GetCounter), (6 bytes).
    Removing stm32f10x_tim.o(i.TIM_GetFlagStatus), (18 bytes).
    Removing stm32f10x_tim.o(i.TIM_GetITStatus), (34 bytes).
    Removing stm32f10x_tim.o(i.TIM_GetPrescaler), (6 bytes).
    Removing stm32f10x_tim.o(i.TIM_ICInit), (172 bytes).
    Removing stm32f10x_tim.o(i.TIM_ICStructInit), (18 bytes).
    Removing stm32f10x_tim.o(i.TIM_ITConfig), (18 bytes).
    Removing stm32f10x_tim.o(i.TIM_ITRxExternalClockConfig), (24 bytes).
    Removing stm32f10x_tim.o(i.TIM_InternalClockConfig), (12 bytes).
    Removing stm32f10x_tim.o(i.TIM_OC1FastConfig), (18 bytes).
    Removing stm32f10x_tim.o(i.TIM_OC1Init), (152 bytes).
    Removing stm32f10x_tim.o(i.TIM_OC1NPolarityConfig), (18 bytes).
    Removing stm32f10x_tim.o(i.TIM_OC1PolarityConfig), (18 bytes).
    Removing stm32f10x_tim.o(i.TIM_OC1PreloadConfig), (18 bytes).
    Removing stm32f10x_tim.o(i.TIM_OC2FastConfig), (26 bytes).
    Removing stm32f10x_tim.o(i.TIM_OC2Init), (164 bytes).
    Removing stm32f10x_tim.o(i.TIM_OC2NPolarityConfig), (26 bytes).
    Removing stm32f10x_tim.o(i.TIM_OC2PolarityConfig), (26 bytes).
    Removing stm32f10x_tim.o(i.TIM_OC2PreloadConfig), (26 bytes).
    Removing stm32f10x_tim.o(i.TIM_OC3FastConfig), (18 bytes).
    Removing stm32f10x_tim.o(i.TIM_OC3Init), (160 bytes).
    Removing stm32f10x_tim.o(i.TIM_OC3NPolarityConfig), (26 bytes).
    Removing stm32f10x_tim.o(i.TIM_OC3PolarityConfig), (26 bytes).
    Removing stm32f10x_tim.o(i.TIM_OC3PreloadConfig), (18 bytes).
    Removing stm32f10x_tim.o(i.TIM_OC4FastConfig), (26 bytes).
    Removing stm32f10x_tim.o(i.TIM_OC4Init), (124 bytes).
    Removing stm32f10x_tim.o(i.TIM_OC4PolarityConfig), (26 bytes).
    Removing stm32f10x_tim.o(i.TIM_OC4PreloadConfig), (26 bytes).
    Removing stm32f10x_tim.o(i.TIM_OCStructInit), (20 bytes).
    Removing stm32f10x_tim.o(i.TIM_PWMIConfig), (124 bytes).
    Removing stm32f10x_tim.o(i.TIM_PrescalerConfig), (6 bytes).
    Removing stm32f10x_tim.o(i.TIM_SelectCCDMA), (24 bytes).
    Removing stm32f10x_tim.o(i.TIM_SelectCOM), (24 bytes).
    Removing stm32f10x_tim.o(i.TIM_SelectHallSensor), (24 bytes).
    Removing stm32f10x_tim.o(i.TIM_SelectInputTrigger), (18 bytes).
    Removing stm32f10x_tim.o(i.TIM_SelectMasterSlaveMode), (18 bytes).
    Removing stm32f10x_tim.o(i.TIM_SelectOCxM), (82 bytes).
    Removing stm32f10x_tim.o(i.TIM_SelectOnePulseMode), (18 bytes).
    Removing stm32f10x_tim.o(i.TIM_SelectSlaveMode), (18 bytes).
    Removing stm32f10x_tim.o(i.TIM_SetAutoreload), (4 bytes).
    Removing stm32f10x_tim.o(i.TIM_SetClockDivision), (18 bytes).
    Removing stm32f10x_tim.o(i.TIM_SetCompare1), (4 bytes).
    Removing stm32f10x_tim.o(i.TIM_SetCompare2), (4 bytes).
    Removing stm32f10x_tim.o(i.TIM_SetCompare3), (4 bytes).
    Removing stm32f10x_tim.o(i.TIM_SetCompare4), (6 bytes).
    Removing stm32f10x_tim.o(i.TIM_SetCounter), (4 bytes).
    Removing stm32f10x_tim.o(i.TIM_SetIC1Prescaler), (18 bytes).
    Removing stm32f10x_tim.o(i.TIM_SetIC2Prescaler), (26 bytes).
    Removing stm32f10x_tim.o(i.TIM_SetIC3Prescaler), (18 bytes).
    Removing stm32f10x_tim.o(i.TIM_SetIC4Prescaler), (26 bytes).
    Removing stm32f10x_tim.o(i.TIM_TIxExternalClockConfig), (62 bytes).
    Removing stm32f10x_tim.o(i.TIM_TimeBaseStructInit), (18 bytes).
    Removing stm32f10x_tim.o(i.TIM_UpdateDisableConfig), (24 bytes).
    Removing stm32f10x_tim.o(i.TIM_UpdateRequestConfig), (24 bytes).
    Removing stm32f10x_usart.o(i.USART_ClearFlag), (18 bytes).
    Removing stm32f10x_usart.o(i.USART_ClearITPendingBit), (30 bytes).
    Removing stm32f10x_usart.o(i.USART_ClockInit), (34 bytes).
    Removing stm32f10x_usart.o(i.USART_ClockStructInit), (12 bytes).
    Removing stm32f10x_usart.o(i.USART_Cmd), (24 bytes).
    Removing stm32f10x_usart.o(i.USART_DMACmd), (18 bytes).
    Removing stm32f10x_usart.o(i.USART_DeInit), (156 bytes).
    Removing stm32f10x_usart.o(i.USART_GetFlagStatus), (26 bytes).
    Removing stm32f10x_usart.o(i.USART_GetITStatus), (84 bytes).
    Removing stm32f10x_usart.o(i.USART_HalfDuplexCmd), (24 bytes).
    Removing stm32f10x_usart.o(i.USART_ITConfig), (74 bytes).
    Removing stm32f10x_usart.o(i.USART_Init), (216 bytes).
    Removing stm32f10x_usart.o(i.USART_IrDACmd), (24 bytes).
    Removing stm32f10x_usart.o(i.USART_IrDAConfig), (18 bytes).
    Removing stm32f10x_usart.o(i.USART_LINBreakDetectLengthConfig), (18 bytes).
    Removing stm32f10x_usart.o(i.USART_LINCmd), (24 bytes).
    Removing stm32f10x_usart.o(i.USART_OneBitMethodCmd), (24 bytes).
    Removing stm32f10x_usart.o(i.USART_OverSampling8Cmd), (22 bytes).
    Removing stm32f10x_usart.o(i.USART_ReceiveData), (10 bytes).
    Removing stm32f10x_usart.o(i.USART_ReceiverWakeUpCmd), (24 bytes).
    Removing stm32f10x_usart.o(i.USART_SendBreak), (10 bytes).
    Removing stm32f10x_usart.o(i.USART_SendData), (8 bytes).
    Removing stm32f10x_usart.o(i.USART_SetAddress), (18 bytes).
    Removing stm32f10x_usart.o(i.USART_SetGuardTime), (16 bytes).
    Removing stm32f10x_usart.o(i.USART_SetPrescaler), (16 bytes).
    Removing stm32f10x_usart.o(i.USART_SmartCardCmd), (24 bytes).
    Removing stm32f10x_usart.o(i.USART_SmartCardNACKCmd), (24 bytes).
    Removing stm32f10x_usart.o(i.USART_StructInit), (24 bytes).
    Removing stm32f10x_usart.o(i.USART_WakeUpConfig), (18 bytes).
    Removing stm32f10x_wwdg.o(i.WWDG_ClearFlag), (12 bytes).
    Removing stm32f10x_wwdg.o(i.WWDG_DeInit), (22 bytes).
    Removing stm32f10x_wwdg.o(i.WWDG_Enable), (16 bytes).
    Removing stm32f10x_wwdg.o(i.WWDG_EnableIT), (12 bytes).
    Removing stm32f10x_wwdg.o(i.WWDG_GetFlagStatus), (12 bytes).
    Removing stm32f10x_wwdg.o(i.WWDG_SetCounter), (16 bytes).
    Removing stm32f10x_wwdg.o(i.WWDG_SetPrescaler), (24 bytes).
    Removing stm32f10x_wwdg.o(i.WWDG_SetWindowValue), (40 bytes).
    Removing ffixui.o(.text), (40 bytes).
    Removing dfixui.o(.text), (50 bytes).
    Removing f2d.o(.text), (38 bytes).
    Removing dadd.o(.text), (334 bytes).
    Removing drnd.o(.text), (136 bytes).
    Removing cdcmple.o(.text), (48 bytes).
    Removing cdrcmple.o(.text), (48 bytes).
    Removing depilogue.o(.text), (186 bytes).

482 unused section(s) (total 24419 bytes) removed from the image.

==============================================================================

Image Symbol Table

    Local Symbols

    Symbol Name                              Value     Ov Type        Size  Object(Section)

    ../clib/microlib/init/entry.s            0x00000000   Number         0  entry11a.o ABSOLUTE
    ../clib/microlib/init/entry.s            0x00000000   Number         0  entry12b.o ABSOLUTE
    ../clib/microlib/init/entry.s            0x00000000   Number         0  entry12a.o ABSOLUTE
    ../clib/microlib/init/entry.s            0x00000000   Number         0  entry2.o ABSOLUTE
    ../clib/microlib/init/entry.s            0x00000000   Number         0  entry.o ABSOLUTE
    ../clib/microlib/init/entry.s            0x00000000   Number         0  entry5.o ABSOLUTE
    ../clib/microlib/init/entry.s            0x00000000   Number         0  entry7a.o ABSOLUTE
    ../clib/microlib/init/entry.s            0x00000000   Number         0  entry7b.o ABSOLUTE
    ../clib/microlib/init/entry.s            0x00000000   Number         0  entry8a.o ABSOLUTE
    ../clib/microlib/init/entry.s            0x00000000   Number         0  entry8b.o ABSOLUTE
    ../clib/microlib/init/entry.s            0x00000000   Number         0  entry9a.o ABSOLUTE
    ../clib/microlib/init/entry.s            0x00000000   Number         0  entry9b.o ABSOLUTE
    ../clib/microlib/init/entry.s            0x00000000   Number         0  entry10a.o ABSOLUTE
    ../clib/microlib/init/entry.s            0x00000000   Number         0  entry10b.o ABSOLUTE
    ../clib/microlib/init/entry.s            0x00000000   Number         0  entry11b.o ABSOLUTE
    ../clib/microlib/longlong.c              0x00000000   Number         0  llushr.o ABSOLUTE
    ../clib/microlib/longlong.c              0x00000000   Number         0  llsshr.o ABSOLUTE
    ../clib/microlib/longlong.c              0x00000000   Number         0  llshl.o ABSOLUTE
    ../clib/microlib/stubs.s                 0x00000000   Number         0  iusefp.o ABSOLUTE
    ../fplib/microlib/f2d.c                  0x00000000   Number         0  f2d.o ABSOLUTE
    ../fplib/microlib/fpadd.c                0x00000000   Number         0  dadd.o ABSOLUTE
    ../fplib/microlib/fpadd.c                0x00000000   Number         0  fadd.o ABSOLUTE
    ../fplib/microlib/fpdiv.c                0x00000000   Number         0  fdiv.o ABSOLUTE
    ../fplib/microlib/fpepilogue.c           0x00000000   Number         0  fepilogue.o ABSOLUTE
    ../fplib/microlib/fpepilogue.c           0x00000000   Number         0  depilogue.o ABSOLUTE
    ../fplib/microlib/fpfix.c                0x00000000   Number         0  ffixi.o ABSOLUTE
    ../fplib/microlib/fpfix.c                0x00000000   Number         0  ffixui.o ABSOLUTE
    ../fplib/microlib/fpfix.c                0x00000000   Number         0  dfixui.o ABSOLUTE
    ../fplib/microlib/fpflt.c                0x00000000   Number         0  ffltui.o ABSOLUTE
    ../fplib/microlib/fpmul.c                0x00000000   Number         0  fmul.o ABSOLUTE
    ../fplib/microlib/fprnd.c                0x00000000   Number         0  drnd.o ABSOLUTE
    ../mathlib/round.c                       0x00000000   Number         0  round.o ABSOLUTE
    cdcmple.s                                0x00000000   Number         0  cdcmple.o ABSOLUTE
    cdrcmple.s                               0x00000000   Number         0  cdrcmple.o ABSOLUTE
    cfcmple.s                                0x00000000   Number         0  cfcmple.o ABSOLUTE
    cfrcmple.s                               0x00000000   Number         0  cfrcmple.o ABSOLUTE
    dc.s                                     0x00000000   Number         0  dc.o ABSOLUTE
    handlers.s                               0x00000000   Number         0  handlers.o ABSOLUTE
    init.s                                   0x00000000   Number         0  init.o ABSOLUTE
    lib\src\misc.c                           0x00000000   Number         0  misc.o ABSOLUTE
    lib\src\stm32f10x_adc.c                  0x00000000   Number         0  stm32f10x_adc.o ABSOLUTE
    lib\src\stm32f10x_bkp.c                  0x00000000   Number         0  stm32f10x_bkp.o ABSOLUTE
    lib\src\stm32f10x_can.c                  0x00000000   Number         0  stm32f10x_can.o ABSOLUTE
    lib\src\stm32f10x_cec.c                  0x00000000   Number         0  stm32f10x_cec.o ABSOLUTE
    lib\src\stm32f10x_crc.c                  0x00000000   Number         0  stm32f10x_crc.o ABSOLUTE
    lib\src\stm32f10x_dac.c                  0x00000000   Number         0  stm32f10x_dac.o ABSOLUTE
    lib\src\stm32f10x_dbgmcu.c               0x00000000   Number         0  stm32f10x_dbgmcu.o ABSOLUTE
    lib\src\stm32f10x_dma.c                  0x00000000   Number         0  stm32f10x_dma.o ABSOLUTE
    lib\src\stm32f10x_exti.c                 0x00000000   Number         0  stm32f10x_exti.o ABSOLUTE
    lib\src\stm32f10x_flash.c                0x00000000   Number         0  stm32f10x_flash.o ABSOLUTE
    lib\src\stm32f10x_fsmc.c                 0x00000000   Number         0  stm32f10x_fsmc.o ABSOLUTE
    lib\src\stm32f10x_gpio.c                 0x00000000   Number         0  stm32f10x_gpio.o ABSOLUTE
    lib\src\stm32f10x_i2c.c                  0x00000000   Number         0  stm32f10x_i2c.o ABSOLUTE
    lib\src\stm32f10x_iwdg.c                 0x00000000   Number         0  stm32f10x_iwdg.o ABSOLUTE
    lib\src\stm32f10x_pwr.c                  0x00000000   Number         0  stm32f10x_pwr.o ABSOLUTE
    lib\src\stm32f10x_rcc.c                  0x00000000   Number         0  stm32f10x_rcc.o ABSOLUTE
    lib\src\stm32f10x_rtc.c                  0x00000000   Number         0  stm32f10x_rtc.o ABSOLUTE
    lib\src\stm32f10x_sdio.c                 0x00000000   Number         0  stm32f10x_sdio.o ABSOLUTE
    lib\src\stm32f10x_spi.c                  0x00000000   Number         0  stm32f10x_spi.o ABSOLUTE
    lib\src\stm32f10x_tim.c                  0x00000000   Number         0  stm32f10x_tim.o ABSOLUTE
    lib\src\stm32f10x_usart.c                0x00000000   Number         0  stm32f10x_usart.o ABSOLUTE
    lib\src\stm32f10x_wwdg.c                 0x00000000   Number         0  stm32f10x_wwdg.o ABSOLUTE
    start\\core_cm3.c                        0x00000000   Number         0  core_cm3.o ABSOLUTE
    start\core_cm3.c                         0x00000000   Number         0  core_cm3.o ABSOLUTE
    start\startup_stm32f10x_md.s             0x00000000   Number         0  startup_stm32f10x_md.o ABSOLUTE
    start\stm32f10x_it.c                     0x00000000   Number         0  stm32f10x_it.o ABSOLUTE
    start\system_stm32f10x.c                 0x00000000   Number         0  system_stm32f10x.o ABSOLUTE
    user\2.4g_protocol.c                     0x00000000   Number         0  2.4g_protocol.o ABSOLUTE
    user\Delay.c                             0x00000000   Number         0  delay.o ABSOLUTE
    user\I2C.c                               0x00000000   Number         0  i2c.o ABSOLUTE
    user\NRF24L01.c                          0x00000000   Number         0  nrf24l01.o ABSOLUTE
    user\USART.c                             0x00000000   Number         0  usart.o ABSOLUTE
    user\main.c                              0x00000000   Number         0  main.o ABSOLUTE
    user\oled.c                              0x00000000   Number         0  oled.o ABSOLUTE
    user\rocker.c                            0x00000000   Number         0  rocker.o ABSOLUTE
    user\system.c                            0x00000000   Number         0  system.o ABSOLUTE
    user\watch_dog.c                         0x00000000   Number         0  watch_dog.o ABSOLUTE
    RESET                                    0x08000000   Section      236  startup_stm32f10x_md.o(RESET)
    .ARM.Collect$$$$00000000                 0x080000ec   Section        0  entry.o(.ARM.Collect$$$$00000000)
    .ARM.Collect$$$$00000001                 0x080000ec   Section        4  entry2.o(.ARM.Collect$$$$00000001)
    .ARM.Collect$$$$00000004                 0x080000f0   Section        4  entry5.o(.ARM.Collect$$$$00000004)
    .ARM.Collect$$$$00000008                 0x080000f4   Section        0  entry7b.o(.ARM.Collect$$$$00000008)
    .ARM.Collect$$$$0000000A                 0x080000f4   Section        0  entry8b.o(.ARM.Collect$$$$0000000A)
    .ARM.Collect$$$$0000000B                 0x080000f4   Section        8  entry9a.o(.ARM.Collect$$$$0000000B)
    .ARM.Collect$$$$0000000E                 0x080000fc   Section        4  entry12b.o(.ARM.Collect$$$$0000000E)
    .ARM.Collect$$$$0000000F                 0x08000100   Section        0  entry10a.o(.ARM.Collect$$$$0000000F)
    .ARM.Collect$$$$00000011                 0x08000100   Section        0  entry11a.o(.ARM.Collect$$$$00000011)
    .ARM.Collect$$$$00002712                 0x08000100   Section        4  entry2.o(.ARM.Collect$$$$00002712)
    __lit__00000000                          0x08000100   Data           4  entry2.o(.ARM.Collect$$$$00002712)
    .text                                    0x08000104   Section       36  startup_stm32f10x_md.o(.text)
    .text                                    0x08000128   Section        0  fadd.o(.text)
    .text                                    0x080001d8   Section        0  fmul.o(.text)
    .text                                    0x0800023c   Section        0  fdiv.o(.text)
    .text                                    0x080002b8   Section        0  ffltui.o(.text)
    .text                                    0x080002c2   Section        0  ffixi.o(.text)
    .text                                    0x080002f4   Section       20  cfcmple.o(.text)
    .text                                    0x08000308   Section       20  cfrcmple.o(.text)
    .text                                    0x0800031c   Section        0  fepilogue.o(.text)
    .text                                    0x0800031c   Section        0  iusefp.o(.text)
    .text                                    0x0800038c   Section       36  init.o(.text)
    i.ADC_Cmd                                0x080003b0   Section        0  stm32f10x_adc.o(i.ADC_Cmd)
    i.ADC_DMACmd                             0x080003c6   Section        0  stm32f10x_adc.o(i.ADC_DMACmd)
    i.ADC_ExternalTrigConvCmd                0x080003dc   Section        0  stm32f10x_adc.o(i.ADC_ExternalTrigConvCmd)
    i.ADC_GPIO_Init                          0x080003f4   Section        0  rocker.o(i.ADC_GPIO_Init)
    i.ADC_GetCalibrationStatus               0x08000450   Section        0  stm32f10x_adc.o(i.ADC_GetCalibrationStatus)
    i.ADC_GetResetCalibrationStatus          0x08000464   Section        0  stm32f10x_adc.o(i.ADC_GetResetCalibrationStatus)
    i.ADC_Init                               0x08000478   Section        0  stm32f10x_adc.o(i.ADC_Init)
    i.ADC_RegularChannelConfig               0x080004c8   Section        0  stm32f10x_adc.o(i.ADC_RegularChannelConfig)
    i.ADC_ResetCalibration                   0x08000580   Section        0  stm32f10x_adc.o(i.ADC_ResetCalibration)
    i.ADC_StartCalibration                   0x0800058a   Section        0  stm32f10x_adc.o(i.ADC_StartCalibration)
    i.BusFault_Handler                       0x08000594   Section        0  stm32f10x_it.o(i.BusFault_Handler)
    i.DMA1_Channel1_IRQHandler               0x08000598   Section        0  rocker.o(i.DMA1_Channel1_IRQHandler)
    i.DMA_ClearITPendingBit                  0x080005c8   Section        0  stm32f10x_dma.o(i.DMA_ClearITPendingBit)
    i.DMA_Cmd                                0x080005e4   Section        0  stm32f10x_dma.o(i.DMA_Cmd)
    i.DMA_GetITStatus                        0x080005fc   Section        0  stm32f10x_dma.o(i.DMA_GetITStatus)
    i.DMA_ITConfig                           0x08000628   Section        0  stm32f10x_dma.o(i.DMA_ITConfig)
    i.DMA_Init                               0x0800063a   Section        0  stm32f10x_dma.o(i.DMA_Init)
    i.DMA_SetCurrDataCounter                 0x08000676   Section        0  stm32f10x_dma.o(i.DMA_SetCurrDataCounter)
    i.DebugMon_Handler                       0x0800067a   Section        0  stm32f10x_it.o(i.DebugMon_Handler)
    i.Delay_ms                               0x0800067c   Section        0  delay.o(i.Delay_ms)
    i.Delay_us                               0x08000694   Section        0  delay.o(i.Delay_us)
    i.EXTI15_10_IRQHandler                   0x080006c2   Section        0  nrf24l01.o(i.EXTI15_10_IRQHandler)
    i.EXTI9_5_IRQHandler                     0x080006dc   Section        0  rocker.o(i.EXTI9_5_IRQHandler)
    i.EXTI_ClearITPendingBit                 0x080006f8   Section        0  stm32f10x_exti.o(i.EXTI_ClearITPendingBit)
    i.EXTI_GetITStatus                       0x08000704   Section        0  stm32f10x_exti.o(i.EXTI_GetITStatus)
    i.EXTI_Init                              0x0800072c   Section        0  stm32f10x_exti.o(i.EXTI_Init)
    i.Fill_Control_Data                      0x080007c0   Section        0  2.4g_protocol.o(i.Fill_Control_Data)
    i.GPIO_EXTILineConfig                    0x080008e4   Section        0  stm32f10x_gpio.o(i.GPIO_EXTILineConfig)
    i.GPIO_Init                              0x08000924   Section        0  stm32f10x_gpio.o(i.GPIO_Init)
    i.GPIO_WriteBit                          0x08000a3a   Section        0  stm32f10x_gpio.o(i.GPIO_WriteBit)
    i.HardFault_Handler                      0x08000a44   Section        0  stm32f10x_it.o(i.HardFault_Handler)
    i.IWDG_Enable                            0x08000a48   Section        0  stm32f10x_iwdg.o(i.IWDG_Enable)
    i.IWDG_ReloadCounter                     0x08000a58   Section        0  stm32f10x_iwdg.o(i.IWDG_ReloadCounter)
    i.IWDG_SetPrescaler                      0x08000a68   Section        0  stm32f10x_iwdg.o(i.IWDG_SetPrescaler)
    i.IWDG_SetReload                         0x08000a74   Section        0  stm32f10x_iwdg.o(i.IWDG_SetReload)
    i.IWDG_WriteAccessCmd                    0x08000a80   Section        0  stm32f10x_iwdg.o(i.IWDG_WriteAccessCmd)
    i.MemManage_Handler                      0x08000a8c   Section        0  stm32f10x_it.o(i.MemManage_Handler)
    i.NMI_Handler                            0x08000a90   Section        0  stm32f10x_it.o(i.NMI_Handler)
    i.NRF24L01_ClearFIFORx                   0x08000a92   Section        0  nrf24l01.o(i.NRF24L01_ClearFIFORx)
    i.NRF24L01_ClearFIFOTx                   0x08000aae   Section        0  nrf24l01.o(i.NRF24L01_ClearFIFOTx)
    i.NRF24L01_ClearITFLAG                   0x08000aca   Section        0  nrf24l01.o(i.NRF24L01_ClearITFLAG)
    i.NRF24L01_EN_AutoACK                    0x08000af0   Section        0  nrf24l01.o(i.NRF24L01_EN_AutoACK)
    i.NRF24L01_EN_RxAddr                     0x08000b0e   Section        0  nrf24l01.o(i.NRF24L01_EN_RxAddr)
    i.NRF24L01_EXTI_Init                     0x08000b2c   Section        0  nrf24l01.o(i.NRF24L01_EXTI_Init)
    i.NRF24L01_EnterRx                       0x08000ba4   Section        0  nrf24l01.o(i.NRF24L01_EnterRx)
    i.NRF24L01_EnterTx                       0x08000bce   Section        0  nrf24l01.o(i.NRF24L01_EnterTx)
    i.NRF24L01_IRQHandler                    0x08000bf4   Section        0  nrf24l01.o(i.NRF24L01_IRQHandler)
    i.NRF24L01_Init                          0x08000c30   Section        0  nrf24l01.o(i.NRF24L01_Init)
    i.NRF24L01_PA_Control                    0x08000ca4   Section        0  nrf24l01.o(i.NRF24L01_PA_Control)
    i.NRF24L01_R_Reg                         0x08000cc2   Section        0  nrf24l01.o(i.NRF24L01_R_Reg)
    i.NRF24L01_SET_RETR                      0x08000ce4   Section        0  nrf24l01.o(i.NRF24L01_SET_RETR)
    i.NRF24L01_SPI_Init                      0x08000cf8   Section        0  nrf24l01.o(i.NRF24L01_SPI_Init)
    i.NRF24L01_SendData                      0x08000dd8   Section        0  nrf24l01.o(i.NRF24L01_SendData)
    i.NRF24L01_SetAir_data_rate              0x08000df2   Section        0  nrf24l01.o(i.NRF24L01_SetAir_data_rate)
    i.NRF24L01_SetFrequencyMHz               0x08000e10   Section        0  nrf24l01.o(i.NRF24L01_SetFrequencyMHz)
    i.NRF24L01_Set_Addr_Width                0x08000e38   Section        0  nrf24l01.o(i.NRF24L01_Set_Addr_Width)
    i.NRF24L01_Set_CRCByte                   0x08000e54   Section        0  nrf24l01.o(i.NRF24L01_Set_CRCByte)
    i.NRF24L01_Set_RxAddr                    0x08000e70   Section        0  nrf24l01.o(i.NRF24L01_Set_RxAddr)
    i.NRF24L01_Set_RxNum                     0x08000ebc   Section        0  nrf24l01.o(i.NRF24L01_Set_RxNum)
    i.NRF24L01_Set_TxAddr                    0x08000ed2   Section        0  nrf24l01.o(i.NRF24L01_Set_TxAddr)
    i.NRF24L01_W_CE                          0x08000eec   Section        0  nrf24l01.o(i.NRF24L01_W_CE)
    i.NRF24L01_W_CS                          0x08000f00   Section        0  nrf24l01.o(i.NRF24L01_W_CS)
    i.NRF24L01_W_Reg                         0x08000f18   Section        0  nrf24l01.o(i.NRF24L01_W_Reg)
    i.NRF24L01_W_Regs                        0x08000f3a   Section        0  nrf24l01.o(i.NRF24L01_W_Regs)
    i.NRF24L01_W_Tx                          0x08000f6e   Section        0  nrf24l01.o(i.NRF24L01_W_Tx)
    i.NVIC_Init                              0x08000fc0   Section        0  misc.o(i.NVIC_Init)
    i.NVIC_PriorityGroupConfig               0x08001030   Section        0  misc.o(i.NVIC_PriorityGroupConfig)
    i.PendSV_Handler                         0x08001044   Section        0  stm32f10x_it.o(i.PendSV_Handler)
    i.RCC_ADCCLKConfig                       0x08001048   Section        0  stm32f10x_rcc.o(i.RCC_ADCCLKConfig)
    i.RCC_AHBPeriphClockCmd                  0x08001060   Section        0  stm32f10x_rcc.o(i.RCC_AHBPeriphClockCmd)
    i.RCC_APB1PeriphClockCmd                 0x08001080   Section        0  stm32f10x_rcc.o(i.RCC_APB1PeriphClockCmd)
    i.RCC_APB2PeriphClockCmd                 0x080010a0   Section        0  stm32f10x_rcc.o(i.RCC_APB2PeriphClockCmd)
    i.Rocker_DMA_Init                        0x080010c0   Section        0  rocker.o(i.Rocker_DMA_Init)
    i.Rocker_Init                            0x08001140   Section        0  rocker.o(i.Rocker_Init)
    i.Rocker_Int_Init                        0x08001228   Section        0  rocker.o(i.Rocker_Int_Init)
    i.Rocker_Timer_Init                      0x0800129c   Section        0  rocker.o(i.Rocker_Timer_Init)
    i.SPI_Cmd                                0x080012e4   Section        0  stm32f10x_spi.o(i.SPI_Cmd)
    i.SPI_I2S_GetFlagStatus                  0x080012fc   Section        0  stm32f10x_spi.o(i.SPI_I2S_GetFlagStatus)
    i.SPI_I2S_ReceiveData                    0x0800130e   Section        0  stm32f10x_spi.o(i.SPI_I2S_ReceiveData)
    i.SPI_I2S_SendData                       0x08001314   Section        0  stm32f10x_spi.o(i.SPI_I2S_SendData)
    i.SPI_Init                               0x08001318   Section        0  stm32f10x_spi.o(i.SPI_Init)
    i.SPI_SwapByte                           0x08001354   Section        0  nrf24l01.o(i.SPI_SwapByte)
    i.SVC_Handler                            0x080013a0   Section        0  stm32f10x_it.o(i.SVC_Handler)
    i.Send_Packet                            0x080013a2   Section        0  2.4g_protocol.o(i.Send_Packet)
    i.SetSysClock                            0x080013be   Section        0  system_stm32f10x.o(i.SetSysClock)
    SetSysClock                              0x080013bf   Thumb Code     8  system_stm32f10x.o(i.SetSysClock)
    i.SetSysClockTo72                        0x080013c8   Section        0  system_stm32f10x.o(i.SetSysClockTo72)
    SetSysClockTo72                          0x080013c9   Thumb Code   214  system_stm32f10x.o(i.SetSysClockTo72)
    i.SysTick_Handler                        0x080014a8   Section        0  stm32f10x_it.o(i.SysTick_Handler)
    i.SystemInit                             0x080014ac   Section        0  system_stm32f10x.o(i.SystemInit)
    i.TIM_ARRPreloadConfig                   0x0800150c   Section        0  stm32f10x_tim.o(i.TIM_ARRPreloadConfig)
    i.TIM_Cmd                                0x08001524   Section        0  stm32f10x_tim.o(i.TIM_Cmd)
    i.TIM_SelectOutputTrigger                0x0800153c   Section        0  stm32f10x_tim.o(i.TIM_SelectOutputTrigger)
    i.TIM_TimeBaseInit                       0x08001550   Section        0  stm32f10x_tim.o(i.TIM_TimeBaseInit)
    i.UsageFault_Handler                     0x080015f4   Section        0  stm32f10x_it.o(i.UsageFault_Handler)
    i.Watch_dog_Init                         0x080015f8   Section        0  watch_dog.o(i.Watch_dog_Init)
    i.__scatterload_copy                     0x08001614   Section       14  handlers.o(i.__scatterload_copy)
    i.__scatterload_null                     0x08001622   Section        2  handlers.o(i.__scatterload_null)
    i.__scatterload_zeroinit                 0x08001624   Section       14  handlers.o(i.__scatterload_zeroinit)
    i.main                                   0x08001632   Section        0  main.o(i.main)
    i.system_Init                            0x08001652   Section        0  system.o(i.system_Init)
    .data                                    0x20000000   Section        6  rocker.o(.data)
    .data                                    0x20000006   Section        2  2.4g_protocol.o(.data)
    .data                                    0x20000008   Section       12  nrf24l01.o(.data)
    STACK                                    0x20000018   Section     1024  startup_stm32f10x_md.o(STACK)

    Global Symbols

    Symbol Name                              Value     Ov Type        Size  Object(Section)

    BuildAttributes$$THM_ISAv4$P$D$K$B$S$PE$A:L22UL41UL21$X:L11$S22US41US21$IEEE1$IW$USESV6$~STKCKD$USESV7$~SHL$OTIME$ROPI$IEEEJ$EBA8$MICROLIB$REQ8$PRES8$EABIv2 0x00000000   Number         0  anon$$obj.o ABSOLUTE
    __ARM_use_no_argv                        0x00000000   Number         0  main.o ABSOLUTE
    __arm_fini_                               - Undefined Weak Reference
    __cpp_initialize__aeabi_                  - Undefined Weak Reference
    __cxa_finalize                            - Undefined Weak Reference
    __decompress                              - Undefined Weak Reference
    _clock_init                               - Undefined Weak Reference
    _microlib_exit                            - Undefined Weak Reference
    __Vectors_Size                           0x000000ec   Number         0  startup_stm32f10x_md.o ABSOLUTE
    __Vectors                                0x08000000   Data           4  startup_stm32f10x_md.o(RESET)
    __Vectors_End                            0x080000ec   Data           0  startup_stm32f10x_md.o(RESET)
    __main                                   0x080000ed   Thumb Code     0  entry.o(.ARM.Collect$$$$00000000)
    _main_stk                                0x080000ed   Thumb Code     0  entry2.o(.ARM.Collect$$$$00000001)
    _main_scatterload                        0x080000f1   Thumb Code     0  entry5.o(.ARM.Collect$$$$00000004)
    __main_after_scatterload                 0x080000f5   Thumb Code     0  entry5.o(.ARM.Collect$$$$00000004)
    _main_clock                              0x080000f5   Thumb Code     0  entry7b.o(.ARM.Collect$$$$00000008)
    _main_cpp_init                           0x080000f5   Thumb Code     0  entry8b.o(.ARM.Collect$$$$0000000A)
    _main_init                               0x080000f5   Thumb Code     0  entry9a.o(.ARM.Collect$$$$0000000B)
    __rt_lib_shutdown_fini                   0x080000fd   Thumb Code     0  entry12b.o(.ARM.Collect$$$$0000000E)
    __rt_final_cpp                           0x08000101   Thumb Code     0  entry10a.o(.ARM.Collect$$$$0000000F)
    __rt_final_exit                          0x08000101   Thumb Code     0  entry11a.o(.ARM.Collect$$$$00000011)
    Reset_Handler                            0x08000105   Thumb Code     8  startup_stm32f10x_md.o(.text)
    ADC1_2_IRQHandler                        0x0800011f   Thumb Code     0  startup_stm32f10x_md.o(.text)
    CAN1_RX1_IRQHandler                      0x0800011f   Thumb Code     0  startup_stm32f10x_md.o(.text)
    CAN1_SCE_IRQHandler                      0x0800011f   Thumb Code     0  startup_stm32f10x_md.o(.text)
    DMA1_Channel2_IRQHandler                 0x0800011f   Thumb Code     0  startup_stm32f10x_md.o(.text)
    DMA1_Channel3_IRQHandler                 0x0800011f   Thumb Code     0  startup_stm32f10x_md.o(.text)
    DMA1_Channel4_IRQHandler                 0x0800011f   Thumb Code     0  startup_stm32f10x_md.o(.text)
    DMA1_Channel5_IRQHandler                 0x0800011f   Thumb Code     0  startup_stm32f10x_md.o(.text)
    DMA1_Channel6_IRQHandler                 0x0800011f   Thumb Code     0  startup_stm32f10x_md.o(.text)
    DMA1_Channel7_IRQHandler                 0x0800011f   Thumb Code     0  startup_stm32f10x_md.o(.text)
    EXTI0_IRQHandler                         0x0800011f   Thumb Code     0  startup_stm32f10x_md.o(.text)
    EXTI1_IRQHandler                         0x0800011f   Thumb Code     0  startup_stm32f10x_md.o(.text)
    EXTI2_IRQHandler                         0x0800011f   Thumb Code     0  startup_stm32f10x_md.o(.text)
    EXTI3_IRQHandler                         0x0800011f   Thumb Code     0  startup_stm32f10x_md.o(.text)
    EXTI4_IRQHandler                         0x0800011f   Thumb Code     0  startup_stm32f10x_md.o(.text)
    FLASH_IRQHandler                         0x0800011f   Thumb Code     0  startup_stm32f10x_md.o(.text)
    I2C1_ER_IRQHandler                       0x0800011f   Thumb Code     0  startup_stm32f10x_md.o(.text)
    I2C1_EV_IRQHandler                       0x0800011f   Thumb Code     0  startup_stm32f10x_md.o(.text)
    I2C2_ER_IRQHandler                       0x0800011f   Thumb Code     0  startup_stm32f10x_md.o(.text)
    I2C2_EV_IRQHandler                       0x0800011f   Thumb Code     0  startup_stm32f10x_md.o(.text)
    PVD_IRQHandler                           0x0800011f   Thumb Code     0  startup_stm32f10x_md.o(.text)
    RCC_IRQHandler                           0x0800011f   Thumb Code     0  startup_stm32f10x_md.o(.text)
    RTCAlarm_IRQHandler                      0x0800011f   Thumb Code     0  startup_stm32f10x_md.o(.text)
    RTC_IRQHandler                           0x0800011f   Thumb Code     0  startup_stm32f10x_md.o(.text)
    SPI1_IRQHandler                          0x0800011f   Thumb Code     0  startup_stm32f10x_md.o(.text)
    SPI2_IRQHandler                          0x0800011f   Thumb Code     0  startup_stm32f10x_md.o(.text)
    TAMPER_IRQHandler                        0x0800011f   Thumb Code     0  startup_stm32f10x_md.o(.text)
    TIM1_BRK_IRQHandler                      0x0800011f   Thumb Code     0  startup_stm32f10x_md.o(.text)
    TIM1_CC_IRQHandler                       0x0800011f   Thumb Code     0  startup_stm32f10x_md.o(.text)
    TIM1_TRG_COM_IRQHandler                  0x0800011f   Thumb Code     0  startup_stm32f10x_md.o(.text)
    TIM1_UP_IRQHandler                       0x0800011f   Thumb Code     0  startup_stm32f10x_md.o(.text)
    TIM2_IRQHandler                          0x0800011f   Thumb Code     0  startup_stm32f10x_md.o(.text)
    TIM3_IRQHandler                          0x0800011f   Thumb Code     0  startup_stm32f10x_md.o(.text)
    TIM4_IRQHandler                          0x0800011f   Thumb Code     0  startup_stm32f10x_md.o(.text)
    USART1_IRQHandler                        0x0800011f   Thumb Code     0  startup_stm32f10x_md.o(.text)
    USART2_IRQHandler                        0x0800011f   Thumb Code     0  startup_stm32f10x_md.o(.text)
    USART3_IRQHandler                        0x0800011f   Thumb Code     0  startup_stm32f10x_md.o(.text)
    USBWakeUp_IRQHandler                     0x0800011f   Thumb Code     0  startup_stm32f10x_md.o(.text)
    USB_HP_CAN1_TX_IRQHandler                0x0800011f   Thumb Code     0  startup_stm32f10x_md.o(.text)
    USB_LP_CAN1_RX0_IRQHandler               0x0800011f   Thumb Code     0  startup_stm32f10x_md.o(.text)
    WWDG_IRQHandler                          0x0800011f   Thumb Code     0  startup_stm32f10x_md.o(.text)
    __aeabi_fadd                             0x08000129   Thumb Code   164  fadd.o(.text)
    __aeabi_fsub                             0x080001cd   Thumb Code     6  fadd.o(.text)
    __aeabi_frsub                            0x080001d3   Thumb Code     6  fadd.o(.text)
    __aeabi_fmul                             0x080001d9   Thumb Code   100  fmul.o(.text)
    __aeabi_fdiv                             0x0800023d   Thumb Code   124  fdiv.o(.text)
    __aeabi_ui2f                             0x080002b9   Thumb Code    10  ffltui.o(.text)
    __aeabi_f2iz                             0x080002c3   Thumb Code    50  ffixi.o(.text)
    __aeabi_cfcmpeq                          0x080002f5   Thumb Code     0  cfcmple.o(.text)
    __aeabi_cfcmple                          0x080002f5   Thumb Code    20  cfcmple.o(.text)
    __aeabi_cfrcmple                         0x08000309   Thumb Code    20  cfrcmple.o(.text)
    __I$use$fp                               0x0800031d   Thumb Code     0  iusefp.o(.text)
    _float_round                             0x0800031d   Thumb Code    18  fepilogue.o(.text)
    _float_epilogue                          0x0800032f   Thumb Code    92  fepilogue.o(.text)
    __scatterload                            0x0800038d   Thumb Code    28  init.o(.text)
    __scatterload_rt2                        0x0800038d   Thumb Code     0  init.o(.text)
    ADC_Cmd                                  0x080003b1   Thumb Code    22  stm32f10x_adc.o(i.ADC_Cmd)
    ADC_DMACmd                               0x080003c7   Thumb Code    22  stm32f10x_adc.o(i.ADC_DMACmd)
    ADC_ExternalTrigConvCmd                  0x080003dd   Thumb Code    22  stm32f10x_adc.o(i.ADC_ExternalTrigConvCmd)
    ADC_GPIO_Init                            0x080003f5   Thumb Code    88  rocker.o(i.ADC_GPIO_Init)
    ADC_GetCalibrationStatus                 0x08000451   Thumb Code    20  stm32f10x_adc.o(i.ADC_GetCalibrationStatus)
    ADC_GetResetCalibrationStatus            0x08000465   Thumb Code    20  stm32f10x_adc.o(i.ADC_GetResetCalibrationStatus)
    ADC_Init                                 0x08000479   Thumb Code    70  stm32f10x_adc.o(i.ADC_Init)
    ADC_RegularChannelConfig                 0x080004c9   Thumb Code   184  stm32f10x_adc.o(i.ADC_RegularChannelConfig)
    ADC_ResetCalibration                     0x08000581   Thumb Code    10  stm32f10x_adc.o(i.ADC_ResetCalibration)
    ADC_StartCalibration                     0x0800058b   Thumb Code    10  stm32f10x_adc.o(i.ADC_StartCalibration)
    BusFault_Handler                         0x08000595   Thumb Code     4  stm32f10x_it.o(i.BusFault_Handler)
    DMA1_Channel1_IRQHandler                 0x08000599   Thumb Code    42  rocker.o(i.DMA1_Channel1_IRQHandler)
    DMA_ClearITPendingBit                    0x080005c9   Thumb Code    18  stm32f10x_dma.o(i.DMA_ClearITPendingBit)
    DMA_Cmd                                  0x080005e5   Thumb Code    24  stm32f10x_dma.o(i.DMA_Cmd)
    DMA_GetITStatus                          0x080005fd   Thumb Code    36  stm32f10x_dma.o(i.DMA_GetITStatus)
    DMA_ITConfig                             0x08000629   Thumb Code    18  stm32f10x_dma.o(i.DMA_ITConfig)
    DMA_Init                                 0x0800063b   Thumb Code    60  stm32f10x_dma.o(i.DMA_Init)
    DMA_SetCurrDataCounter                   0x08000677   Thumb Code     4  stm32f10x_dma.o(i.DMA_SetCurrDataCounter)
    DebugMon_Handler                         0x0800067b   Thumb Code     2  stm32f10x_it.o(i.DebugMon_Handler)
    Delay_ms                                 0x0800067d   Thumb Code    24  delay.o(i.Delay_ms)
    Delay_us                                 0x08000695   Thumb Code    46  delay.o(i.Delay_us)
    EXTI15_10_IRQHandler                     0x080006c3   Thumb Code    26  nrf24l01.o(i.EXTI15_10_IRQHandler)
    EXTI9_5_IRQHandler                       0x080006dd   Thumb Code    24  rocker.o(i.EXTI9_5_IRQHandler)
    EXTI_ClearITPendingBit                   0x080006f9   Thumb Code     6  stm32f10x_exti.o(i.EXTI_ClearITPendingBit)
    EXTI_GetITStatus                         0x08000705   Thumb Code    34  stm32f10x_exti.o(i.EXTI_GetITStatus)
    EXTI_Init                                0x0800072d   Thumb Code   142  stm32f10x_exti.o(i.EXTI_Init)
    Fill_Control_Data                        0x080007c1   Thumb Code   258  2.4g_protocol.o(i.Fill_Control_Data)
    GPIO_EXTILineConfig                      0x080008e5   Thumb Code    60  stm32f10x_gpio.o(i.GPIO_EXTILineConfig)
    GPIO_Init                                0x08000925   Thumb Code   278  stm32f10x_gpio.o(i.GPIO_Init)
    GPIO_WriteBit                            0x08000a3b   Thumb Code    10  stm32f10x_gpio.o(i.GPIO_WriteBit)
    HardFault_Handler                        0x08000a45   Thumb Code     4  stm32f10x_it.o(i.HardFault_Handler)
    IWDG_Enable                              0x08000a49   Thumb Code    10  stm32f10x_iwdg.o(i.IWDG_Enable)
    IWDG_ReloadCounter                       0x08000a59   Thumb Code    10  stm32f10x_iwdg.o(i.IWDG_ReloadCounter)
    IWDG_SetPrescaler                        0x08000a69   Thumb Code     6  stm32f10x_iwdg.o(i.IWDG_SetPrescaler)
    IWDG_SetReload                           0x08000a75   Thumb Code     6  stm32f10x_iwdg.o(i.IWDG_SetReload)
    IWDG_WriteAccessCmd                      0x08000a81   Thumb Code     6  stm32f10x_iwdg.o(i.IWDG_WriteAccessCmd)
    MemManage_Handler                        0x08000a8d   Thumb Code     4  stm32f10x_it.o(i.MemManage_Handler)
    NMI_Handler                              0x08000a91   Thumb Code     2  stm32f10x_it.o(i.NMI_Handler)
    NRF24L01_ClearFIFORx                     0x08000a93   Thumb Code    28  nrf24l01.o(i.NRF24L01_ClearFIFORx)
    NRF24L01_ClearFIFOTx                     0x08000aaf   Thumb Code    28  nrf24l01.o(i.NRF24L01_ClearFIFOTx)
    NRF24L01_ClearITFLAG                     0x08000acb   Thumb Code    38  nrf24l01.o(i.NRF24L01_ClearITFLAG)
    NRF24L01_EN_AutoACK                      0x08000af1   Thumb Code    30  nrf24l01.o(i.NRF24L01_EN_AutoACK)
    NRF24L01_EN_RxAddr                       0x08000b0f   Thumb Code    30  nrf24l01.o(i.NRF24L01_EN_RxAddr)
    NRF24L01_EXTI_Init                       0x08000b2d   Thumb Code   114  nrf24l01.o(i.NRF24L01_EXTI_Init)
    NRF24L01_EnterRx                         0x08000ba5   Thumb Code    42  nrf24l01.o(i.NRF24L01_EnterRx)
    NRF24L01_EnterTx                         0x08000bcf   Thumb Code    36  nrf24l01.o(i.NRF24L01_EnterTx)
    NRF24L01_IRQHandler                      0x08000bf5   Thumb Code    56  nrf24l01.o(i.NRF24L01_IRQHandler)
    NRF24L01_Init                            0x08000c31   Thumb Code   106  nrf24l01.o(i.NRF24L01_Init)
    NRF24L01_PA_Control                      0x08000ca5   Thumb Code    30  nrf24l01.o(i.NRF24L01_PA_Control)
    NRF24L01_R_Reg                           0x08000cc3   Thumb Code    34  nrf24l01.o(i.NRF24L01_R_Reg)
    NRF24L01_SET_RETR                        0x08000ce5   Thumb Code    18  nrf24l01.o(i.NRF24L01_SET_RETR)
    NRF24L01_SPI_Init                        0x08000cf9   Thumb Code   214  nrf24l01.o(i.NRF24L01_SPI_Init)
    NRF24L01_SendData                        0x08000dd9   Thumb Code    26  nrf24l01.o(i.NRF24L01_SendData)
    NRF24L01_SetAir_data_rate                0x08000df3   Thumb Code    30  nrf24l01.o(i.NRF24L01_SetAir_data_rate)
    NRF24L01_SetFrequencyMHz                 0x08000e11   Thumb Code    40  nrf24l01.o(i.NRF24L01_SetFrequencyMHz)
    NRF24L01_Set_Addr_Width                  0x08000e39   Thumb Code    28  nrf24l01.o(i.NRF24L01_Set_Addr_Width)
    NRF24L01_Set_CRCByte                     0x08000e55   Thumb Code    28  nrf24l01.o(i.NRF24L01_Set_CRCByte)
    NRF24L01_Set_RxAddr                      0x08000e71   Thumb Code    76  nrf24l01.o(i.NRF24L01_Set_RxAddr)
    NRF24L01_Set_RxNum                       0x08000ebd   Thumb Code    22  nrf24l01.o(i.NRF24L01_Set_RxNum)
    NRF24L01_Set_TxAddr                      0x08000ed3   Thumb Code    24  nrf24l01.o(i.NRF24L01_Set_TxAddr)
    NRF24L01_W_CE                            0x08000eed   Thumb Code    16  nrf24l01.o(i.NRF24L01_W_CE)
    NRF24L01_W_CS                            0x08000f01   Thumb Code    18  nrf24l01.o(i.NRF24L01_W_CS)
    NRF24L01_W_Reg                           0x08000f19   Thumb Code    34  nrf24l01.o(i.NRF24L01_W_Reg)
    NRF24L01_W_Regs                          0x08000f3b   Thumb Code    52  nrf24l01.o(i.NRF24L01_W_Regs)
    NRF24L01_W_Tx                            0x08000f6f   Thumb Code    80  nrf24l01.o(i.NRF24L01_W_Tx)
    NVIC_Init                                0x08000fc1   Thumb Code   100  misc.o(i.NVIC_Init)
    NVIC_PriorityGroupConfig                 0x08001031   Thumb Code    10  misc.o(i.NVIC_PriorityGroupConfig)
    PendSV_Handler                           0x08001045   Thumb Code     2  stm32f10x_it.o(i.PendSV_Handler)
    RCC_ADCCLKConfig                         0x08001049   Thumb Code    18  stm32f10x_rcc.o(i.RCC_ADCCLKConfig)
    RCC_AHBPeriphClockCmd                    0x08001061   Thumb Code    26  stm32f10x_rcc.o(i.RCC_AHBPeriphClockCmd)
    RCC_APB1PeriphClockCmd                   0x08001081   Thumb Code    26  stm32f10x_rcc.o(i.RCC_APB1PeriphClockCmd)
    RCC_APB2PeriphClockCmd                   0x080010a1   Thumb Code    26  stm32f10x_rcc.o(i.RCC_APB2PeriphClockCmd)
    Rocker_DMA_Init                          0x080010c1   Thumb Code   114  rocker.o(i.Rocker_DMA_Init)
    Rocker_Init                              0x08001141   Thumb Code   218  rocker.o(i.Rocker_Init)
    Rocker_Int_Init                          0x08001229   Thumb Code   110  rocker.o(i.Rocker_Int_Init)
    Rocker_Timer_Init                        0x0800129d   Thumb Code    68  rocker.o(i.Rocker_Timer_Init)
    SPI_Cmd                                  0x080012e5   Thumb Code    24  stm32f10x_spi.o(i.SPI_Cmd)
    SPI_I2S_GetFlagStatus                    0x080012fd   Thumb Code    18  stm32f10x_spi.o(i.SPI_I2S_GetFlagStatus)
    SPI_I2S_ReceiveData                      0x0800130f   Thumb Code     6  stm32f10x_spi.o(i.SPI_I2S_ReceiveData)
    SPI_I2S_SendData                         0x08001315   Thumb Code     4  stm32f10x_spi.o(i.SPI_I2S_SendData)
    SPI_Init                                 0x08001319   Thumb Code    60  stm32f10x_spi.o(i.SPI_Init)
    SPI_SwapByte                             0x08001355   Thumb Code    70  nrf24l01.o(i.SPI_SwapByte)
    SVC_Handler                              0x080013a1   Thumb Code     2  stm32f10x_it.o(i.SVC_Handler)
    Send_Packet                              0x080013a3   Thumb Code    28  2.4g_protocol.o(i.Send_Packet)
    SysTick_Handler                          0x080014a9   Thumb Code     2  stm32f10x_it.o(i.SysTick_Handler)
    SystemInit                               0x080014ad   Thumb Code    78  system_stm32f10x.o(i.SystemInit)
    TIM_ARRPreloadConfig                     0x0800150d   Thumb Code    24  stm32f10x_tim.o(i.TIM_ARRPreloadConfig)
    TIM_Cmd                                  0x08001525   Thumb Code    24  stm32f10x_tim.o(i.TIM_Cmd)
    TIM_SelectOutputTrigger                  0x0800153d   Thumb Code    18  stm32f10x_tim.o(i.TIM_SelectOutputTrigger)
    TIM_TimeBaseInit                         0x08001551   Thumb Code   122  stm32f10x_tim.o(i.TIM_TimeBaseInit)
    UsageFault_Handler                       0x080015f5   Thumb Code     4  stm32f10x_it.o(i.UsageFault_Handler)
    Watch_dog_Init                           0x080015f9   Thumb Code    28  watch_dog.o(i.Watch_dog_Init)
    __scatterload_copy                       0x08001615   Thumb Code    14  handlers.o(i.__scatterload_copy)
    __scatterload_null                       0x08001623   Thumb Code     2  handlers.o(i.__scatterload_null)
    __scatterload_zeroinit                   0x08001625   Thumb Code    14  handlers.o(i.__scatterload_zeroinit)
    main                                     0x08001633   Thumb Code    32  main.o(i.main)
    system_Init                              0x08001653   Thumb Code    24  system.o(i.system_Init)
    Region$$Table$$Base                      0x0800166c   Number         0  anon$$obj.o(Region$$Table)
    Region$$Table$$Limit                     0x0800168c   Number         0  anon$$obj.o(Region$$Table)
    Rocker_Data                              0x20000000   Data           6  rocker.o(.data)
    Send_Packet_FLAG                         0x20000006   Data           1  2.4g_protocol.o(.data)
    Plane_Lock_FLAG                          0x20000007   Data           1  2.4g_protocol.o(.data)
    Txad                                     0x20000008   Data           5  nrf24l01.o(.data)
    Rxad                                     0x2000000d   Data           5  nrf24l01.o(.data)
    SendFLAG                                 0x20000012   Data           1  nrf24l01.o(.data)
    Receive_DataFLAG                         0x20000013   Data           1  nrf24l01.o(.data)
    __initial_sp                             0x20000418   Data           0  startup_stm32f10x_md.o(STACK)



==============================================================================

Memory Map of the image

  Image Entry point : 0x080000ed

  Load Region LR_IROM1 (Base: 0x08000000, Size: 0x000016a0, Max: 0x00010000, ABSOLUTE)

    Execution Region ER_IROM1 (Exec base: 0x08000000, Load base: 0x08000000, Size: 0x0000168c, Max: 0x00010000, ABSOLUTE)

    Exec Addr    Load Addr    Size         Type   Attr      Idx    E Section Name        Object

    0x08000000   0x08000000   0x000000ec   Data   RO          716    RESET               startup_stm32f10x_md.o
    0x080000ec   0x080000ec   0x00000000   Code   RO         3813  * .ARM.Collect$$$$00000000  mc_w.l(entry.o)
    0x080000ec   0x080000ec   0x00000004   Code   RO         3836    .ARM.Collect$$$$00000001  mc_w.l(entry2.o)
    0x080000f0   0x080000f0   0x00000004   Code   RO         3839    .ARM.Collect$$$$00000004  mc_w.l(entry5.o)
    0x080000f4   0x080000f4   0x00000000   Code   RO         3841    .ARM.Collect$$$$00000008  mc_w.l(entry7b.o)
    0x080000f4   0x080000f4   0x00000000   Code   RO         3843    .ARM.Collect$$$$0000000A  mc_w.l(entry8b.o)
    0x080000f4   0x080000f4   0x00000008   Code   RO         3844    .ARM.Collect$$$$0000000B  mc_w.l(entry9a.o)
    0x080000fc   0x080000fc   0x00000004   Code   RO         3851    .ARM.Collect$$$$0000000E  mc_w.l(entry12b.o)
    0x08000100   0x08000100   0x00000000   Code   RO         3846    .ARM.Collect$$$$0000000F  mc_w.l(entry10a.o)
    0x08000100   0x08000100   0x00000000   Code   RO         3848    .ARM.Collect$$$$00000011  mc_w.l(entry11a.o)
    0x08000100   0x08000100   0x00000004   Code   RO         3837    .ARM.Collect$$$$00002712  mc_w.l(entry2.o)
    0x08000104   0x08000104   0x00000024   Code   RO          717    .text               startup_stm32f10x_md.o
    0x08000128   0x08000128   0x000000b0   Code   RO         3816    .text               mf_w.l(fadd.o)
    0x080001d8   0x080001d8   0x00000064   Code   RO         3818    .text               mf_w.l(fmul.o)
    0x0800023c   0x0800023c   0x0000007c   Code   RO         3820    .text               mf_w.l(fdiv.o)
    0x080002b8   0x080002b8   0x0000000a   Code   RO         3822    .text               mf_w.l(ffltui.o)
    0x080002c2   0x080002c2   0x00000032   Code   RO         3824    .text               mf_w.l(ffixi.o)
    0x080002f4   0x080002f4   0x00000014   Code   RO         3832    .text               mf_w.l(cfcmple.o)
    0x08000308   0x08000308   0x00000014   Code   RO         3834    .text               mf_w.l(cfrcmple.o)
    0x0800031c   0x0800031c   0x00000000   Code   RO         3854    .text               mc_w.l(iusefp.o)
    0x0800031c   0x0800031c   0x0000006e   Code   RO         3855    .text               mf_w.l(fepilogue.o)
    0x0800038a   0x0800038a   0x00000002   PAD
    0x0800038c   0x0800038c   0x00000024   Code   RO         3865    .text               mc_w.l(init.o)
    0x080003b0   0x080003b0   0x00000016   Code   RO          886    i.ADC_Cmd           stm32f10x_adc.o
    0x080003c6   0x080003c6   0x00000016   Code   RO          887    i.ADC_DMACmd        stm32f10x_adc.o
    0x080003dc   0x080003dc   0x00000016   Code   RO          891    i.ADC_ExternalTrigConvCmd  stm32f10x_adc.o
    0x080003f2   0x080003f2   0x00000002   PAD
    0x080003f4   0x080003f4   0x0000005c   Code   RO          155    i.ADC_GPIO_Init     rocker.o
    0x08000450   0x08000450   0x00000014   Code   RO          894    i.ADC_GetCalibrationStatus  stm32f10x_adc.o
    0x08000464   0x08000464   0x00000014   Code   RO          900    i.ADC_GetResetCalibrationStatus  stm32f10x_adc.o
    0x08000478   0x08000478   0x00000050   Code   RO          904    i.ADC_Init          stm32f10x_adc.o
    0x080004c8   0x080004c8   0x000000b8   Code   RO          908    i.ADC_RegularChannelConfig  stm32f10x_adc.o
    0x08000580   0x08000580   0x0000000a   Code   RO          909    i.ADC_ResetCalibration  stm32f10x_adc.o
    0x0800058a   0x0800058a   0x0000000a   Code   RO          913    i.ADC_StartCalibration  stm32f10x_adc.o
    0x08000594   0x08000594   0x00000004   Code   RO          721    i.BusFault_Handler  stm32f10x_it.o
    0x08000598   0x08000598   0x00000030   Code   RO          156    i.DMA1_Channel1_IRQHandler  rocker.o
    0x080005c8   0x080005c8   0x0000001c   Code   RO         1570    i.DMA_ClearITPendingBit  stm32f10x_dma.o
    0x080005e4   0x080005e4   0x00000018   Code   RO         1571    i.DMA_Cmd           stm32f10x_dma.o
    0x080005fc   0x080005fc   0x0000002c   Code   RO         1575    i.DMA_GetITStatus   stm32f10x_dma.o
    0x08000628   0x08000628   0x00000012   Code   RO         1576    i.DMA_ITConfig      stm32f10x_dma.o
    0x0800063a   0x0800063a   0x0000003c   Code   RO         1577    i.DMA_Init          stm32f10x_dma.o
    0x08000676   0x08000676   0x00000004   Code   RO         1578    i.DMA_SetCurrDataCounter  stm32f10x_dma.o
    0x0800067a   0x0800067a   0x00000002   Code   RO          722    i.DebugMon_Handler  stm32f10x_it.o
    0x0800067c   0x0800067c   0x00000018   Code   RO          239    i.Delay_ms          delay.o
    0x08000694   0x08000694   0x0000002e   Code   RO          241    i.Delay_us          delay.o
    0x080006c2   0x080006c2   0x0000001a   Code   RO          456    i.EXTI15_10_IRQHandler  nrf24l01.o
    0x080006dc   0x080006dc   0x0000001c   Code   RO          157    i.EXTI9_5_IRQHandler  rocker.o
    0x080006f8   0x080006f8   0x0000000c   Code   RO         1642    i.EXTI_ClearITPendingBit  stm32f10x_exti.o
    0x08000704   0x08000704   0x00000028   Code   RO         1646    i.EXTI_GetITStatus  stm32f10x_exti.o
    0x0800072c   0x0800072c   0x00000094   Code   RO         1647    i.EXTI_Init         stm32f10x_exti.o
    0x080007c0   0x080007c0   0x00000124   Code   RO          209    i.Fill_Control_Data  2.4g_protocol.o
    0x080008e4   0x080008e4   0x00000040   Code   RO         1992    i.GPIO_EXTILineConfig  stm32f10x_gpio.o
    0x08000924   0x08000924   0x00000116   Code   RO         1995    i.GPIO_Init         stm32f10x_gpio.o
    0x08000a3a   0x08000a3a   0x0000000a   Code   RO         2006    i.GPIO_WriteBit     stm32f10x_gpio.o
    0x08000a44   0x08000a44   0x00000004   Code   RO          723    i.HardFault_Handler  stm32f10x_it.o
    0x08000a48   0x08000a48   0x00000010   Code   RO         2307    i.IWDG_Enable       stm32f10x_iwdg.o
    0x08000a58   0x08000a58   0x00000010   Code   RO         2309    i.IWDG_ReloadCounter  stm32f10x_iwdg.o
    0x08000a68   0x08000a68   0x0000000c   Code   RO         2310    i.IWDG_SetPrescaler  stm32f10x_iwdg.o
    0x08000a74   0x08000a74   0x0000000c   Code   RO         2311    i.IWDG_SetReload    stm32f10x_iwdg.o
    0x08000a80   0x08000a80   0x0000000c   Code   RO         2312    i.IWDG_WriteAccessCmd  stm32f10x_iwdg.o
    0x08000a8c   0x08000a8c   0x00000004   Code   RO          724    i.MemManage_Handler  stm32f10x_it.o
    0x08000a90   0x08000a90   0x00000002   Code   RO          725    i.NMI_Handler       stm32f10x_it.o
    0x08000a92   0x08000a92   0x0000001c   Code   RO          457    i.NRF24L01_ClearFIFORx  nrf24l01.o
    0x08000aae   0x08000aae   0x0000001c   Code   RO          458    i.NRF24L01_ClearFIFOTx  nrf24l01.o
    0x08000aca   0x08000aca   0x00000026   Code   RO          459    i.NRF24L01_ClearITFLAG  nrf24l01.o
    0x08000af0   0x08000af0   0x0000001e   Code   RO          460    i.NRF24L01_EN_AutoACK  nrf24l01.o
    0x08000b0e   0x08000b0e   0x0000001e   Code   RO          464    i.NRF24L01_EN_RxAddr  nrf24l01.o
    0x08000b2c   0x08000b2c   0x00000078   Code   RO          465    i.NRF24L01_EXTI_Init  nrf24l01.o
    0x08000ba4   0x08000ba4   0x0000002a   Code   RO          467    i.NRF24L01_EnterRx  nrf24l01.o
    0x08000bce   0x08000bce   0x00000024   Code   RO          469    i.NRF24L01_EnterTx  nrf24l01.o
    0x08000bf2   0x08000bf2   0x00000002   PAD
    0x08000bf4   0x08000bf4   0x0000003c   Code   RO          472    i.NRF24L01_IRQHandler  nrf24l01.o
    0x08000c30   0x08000c30   0x00000074   Code   RO          473    i.NRF24L01_Init     nrf24l01.o
    0x08000ca4   0x08000ca4   0x0000001e   Code   RO          474    i.NRF24L01_PA_Control  nrf24l01.o
    0x08000cc2   0x08000cc2   0x00000022   Code   RO          475    i.NRF24L01_R_Reg    nrf24l01.o
    0x08000ce4   0x08000ce4   0x00000012   Code   RO          479    i.NRF24L01_SET_RETR  nrf24l01.o
    0x08000cf6   0x08000cf6   0x00000002   PAD
    0x08000cf8   0x08000cf8   0x000000e0   Code   RO          480    i.NRF24L01_SPI_Init  nrf24l01.o
    0x08000dd8   0x08000dd8   0x0000001a   Code   RO          481    i.NRF24L01_SendData  nrf24l01.o
    0x08000df2   0x08000df2   0x0000001e   Code   RO          482    i.NRF24L01_SetAir_data_rate  nrf24l01.o
    0x08000e10   0x08000e10   0x00000028   Code   RO          483    i.NRF24L01_SetFrequencyMHz  nrf24l01.o
    0x08000e38   0x08000e38   0x0000001c   Code   RO          484    i.NRF24L01_Set_Addr_Width  nrf24l01.o
    0x08000e54   0x08000e54   0x0000001c   Code   RO          485    i.NRF24L01_Set_CRCByte  nrf24l01.o
    0x08000e70   0x08000e70   0x0000004c   Code   RO          486    i.NRF24L01_Set_RxAddr  nrf24l01.o
    0x08000ebc   0x08000ebc   0x00000016   Code   RO          487    i.NRF24L01_Set_RxNum  nrf24l01.o
    0x08000ed2   0x08000ed2   0x00000018   Code   RO          488    i.NRF24L01_Set_TxAddr  nrf24l01.o
    0x08000eea   0x08000eea   0x00000002   PAD
    0x08000eec   0x08000eec   0x00000014   Code   RO          489    i.NRF24L01_W_CE     nrf24l01.o
    0x08000f00   0x08000f00   0x00000018   Code   RO          490    i.NRF24L01_W_CS     nrf24l01.o
    0x08000f18   0x08000f18   0x00000022   Code   RO          491    i.NRF24L01_W_Reg    nrf24l01.o
    0x08000f3a   0x08000f3a   0x00000034   Code   RO          492    i.NRF24L01_W_Regs   nrf24l01.o
    0x08000f6e   0x08000f6e   0x00000050   Code   RO          493    i.NRF24L01_W_Tx     nrf24l01.o
    0x08000fbe   0x08000fbe   0x00000002   PAD
    0x08000fc0   0x08000fc0   0x00000070   Code   RO          844    i.NVIC_Init         misc.o
    0x08001030   0x08001030   0x00000014   Code   RO          845    i.NVIC_PriorityGroupConfig  misc.o
    0x08001044   0x08001044   0x00000002   Code   RO          726    i.PendSV_Handler    stm32f10x_it.o
    0x08001046   0x08001046   0x00000002   PAD
    0x08001048   0x08001048   0x00000018   Code   RO         2409    i.RCC_ADCCLKConfig  stm32f10x_rcc.o
    0x08001060   0x08001060   0x00000020   Code   RO         2410    i.RCC_AHBPeriphClockCmd  stm32f10x_rcc.o
    0x08001080   0x08001080   0x00000020   Code   RO         2411    i.RCC_APB1PeriphClockCmd  stm32f10x_rcc.o
    0x080010a0   0x080010a0   0x00000020   Code   RO         2413    i.RCC_APB2PeriphClockCmd  stm32f10x_rcc.o
    0x080010c0   0x080010c0   0x00000080   Code   RO          158    i.Rocker_DMA_Init   rocker.o
    0x08001140   0x08001140   0x000000e8   Code   RO          159    i.Rocker_Init       rocker.o
    0x08001228   0x08001228   0x00000074   Code   RO          160    i.Rocker_Int_Init   rocker.o
    0x0800129c   0x0800129c   0x00000048   Code   RO          161    i.Rocker_Timer_Init  rocker.o
    0x080012e4   0x080012e4   0x00000018   Code   RO         2890    i.SPI_Cmd           stm32f10x_spi.o
    0x080012fc   0x080012fc   0x00000012   Code   RO         2898    i.SPI_I2S_GetFlagStatus  stm32f10x_spi.o
    0x0800130e   0x0800130e   0x00000006   Code   RO         2901    i.SPI_I2S_ReceiveData  stm32f10x_spi.o
    0x08001314   0x08001314   0x00000004   Code   RO         2902    i.SPI_I2S_SendData  stm32f10x_spi.o
    0x08001318   0x08001318   0x0000003c   Code   RO         2903    i.SPI_Init          stm32f10x_spi.o
    0x08001354   0x08001354   0x0000004c   Code   RO          494    i.SPI_SwapByte      nrf24l01.o
    0x080013a0   0x080013a0   0x00000002   Code   RO          727    i.SVC_Handler       stm32f10x_it.o
    0x080013a2   0x080013a2   0x0000001c   Code   RO          211    i.Send_Packet       2.4g_protocol.o
    0x080013be   0x080013be   0x00000008   Code   RO          810    i.SetSysClock       system_stm32f10x.o
    0x080013c6   0x080013c6   0x00000002   PAD
    0x080013c8   0x080013c8   0x000000e0   Code   RO          811    i.SetSysClockTo72   system_stm32f10x.o
    0x080014a8   0x080014a8   0x00000002   Code   RO          728    i.SysTick_Handler   stm32f10x_it.o
    0x080014aa   0x080014aa   0x00000002   PAD
    0x080014ac   0x080014ac   0x00000060   Code   RO          813    i.SystemInit        system_stm32f10x.o
    0x0800150c   0x0800150c   0x00000018   Code   RO         3033    i.TIM_ARRPreloadConfig  stm32f10x_tim.o
    0x08001524   0x08001524   0x00000018   Code   RO         3045    i.TIM_Cmd           stm32f10x_tim.o
    0x0800153c   0x0800153c   0x00000012   Code   RO         3102    i.TIM_SelectOutputTrigger  stm32f10x_tim.o
    0x0800154e   0x0800154e   0x00000002   PAD
    0x08001550   0x08001550   0x000000a4   Code   RO         3116    i.TIM_TimeBaseInit  stm32f10x_tim.o
    0x080015f4   0x080015f4   0x00000004   Code   RO          729    i.UsageFault_Handler  stm32f10x_it.o
    0x080015f8   0x080015f8   0x0000001c   Code   RO          342    i.Watch_dog_Init    watch_dog.o
    0x08001614   0x08001614   0x0000000e   Code   RO         3875    i.__scatterload_copy  mc_w.l(handlers.o)
    0x08001622   0x08001622   0x00000002   Code   RO         3876    i.__scatterload_null  mc_w.l(handlers.o)
    0x08001624   0x08001624   0x0000000e   Code   RO         3877    i.__scatterload_zeroinit  mc_w.l(handlers.o)
    0x08001632   0x08001632   0x00000020   Code   RO          139    i.main              main.o
    0x08001652   0x08001652   0x00000018   Code   RO            1    i.system_Init       system.o
    0x0800166a   0x0800166a   0x00000002   PAD
    0x0800166c   0x0800166c   0x00000020   Data   RO         3873    Region$$Table       anon$$obj.o


    Execution Region RW_IRAM1 (Exec base: 0x20000000, Load base: 0x0800168c, Size: 0x00000418, Max: 0x00005000, ABSOLUTE)

    Exec Addr    Load Addr    Size         Type   Attr      Idx    E Section Name        Object

    0x20000000   0x0800168c   0x00000006   Data   RW          162    .data               rocker.o
    0x20000006   0x08001692   0x00000002   Data   RW          212    .data               2.4g_protocol.o
    0x20000008   0x08001694   0x0000000c   Data   RW          496    .data               nrf24l01.o
    0x20000014   0x080016a0   0x00000004   PAD
    0x20000018        -       0x00000400   Zero   RW          714    STACK               startup_stm32f10x_md.o


==============================================================================

Image component sizes


      Code (inc. data)   RO Data    RW Data    ZI Data      Debug   Object Name

       320         34          0          2          0       2545   2.4g_protocol.o
         0          0          0          0          0         32   core_cm3.o
        70          0          0          0          0        946   delay.o
        32          0          0          0          0        483   main.o
       132         22          0          0          0       1563   misc.o
      1420         46          0         12          0      17994   nrf24l01.o
       716         52          0          6          0       5844   rocker.o
        36          8        236          0       1024        776   startup_stm32f10x_md.o
       390         10          0          0          0       7248   stm32f10x_adc.o
       178         18          0          0          0       4979   stm32f10x_dma.o
       200         18          0          0          0       2116   stm32f10x_exti.o
       352          4          0          0          0       3166   stm32f10x_gpio.o
        26          0          0          0          0       3862   stm32f10x_it.o
        68         30          0          0          0       2350   stm32f10x_iwdg.o
       120         24          0          0          0       2153   stm32f10x_rcc.o
       112          0          0          0          0       3794   stm32f10x_spi.o
       230         42          0          0          0       2842   stm32f10x_tim.o
        24          0          0          0          0     270049   system.o
       328         28          0          0          0       1989   system_stm32f10x.o
        28          0          0          0          0        461   watch_dog.o

    ----------------------------------------------------------------------
      4802        336        268         20       1028     335192   Object Totals
         0          0         32          0          0          0   (incl. Generated)
        20          0          0          0          4          0   (incl. Padding)

    ----------------------------------------------------------------------

      Code (inc. data)   RO Data    RW Data    ZI Data      Debug   Library Member Name

         0          0          0          0          0          0   entry.o
         0          0          0          0          0          0   entry10a.o
         0          0          0          0          0          0   entry11a.o
         4          0          0          0          0          0   entry12b.o
         8          4          0          0          0          0   entry2.o
         4          0          0          0          0          0   entry5.o
         0          0          0          0          0          0   entry7b.o
         0          0          0          0          0          0   entry8b.o
         8          4          0          0          0          0   entry9a.o
        30          0          0          0          0          0   handlers.o
        36          8          0          0          0         68   init.o
         0          0          0          0          0          0   iusefp.o
        20          0          0          0          0         68   cfcmple.o
        20          0          0          0          0         68   cfrcmple.o
       176          0          0          0          0        140   fadd.o
       124          0          0          0          0         88   fdiv.o
       110          0          0          0          0        168   fepilogue.o
        50          0          0          0          0         68   ffixi.o
        10          0          0          0          0         68   ffltui.o
       100          0          0          0          0         76   fmul.o

    ----------------------------------------------------------------------
       702         16          0          0          0        812   Library Totals
         2          0          0          0          0          0   (incl. Padding)

    ----------------------------------------------------------------------

      Code (inc. data)   RO Data    RW Data    ZI Data      Debug   Library Name

        90         16          0          0          0         68   mc_w.l
       610          0          0          0          0        744   mf_w.l

    ----------------------------------------------------------------------
       702         16          0          0          0        812   Library Totals

    ----------------------------------------------------------------------

==============================================================================


      Code (inc. data)   RO Data    RW Data    ZI Data      Debug   

      5504        352        268         20       1028     331060   Grand Totals
      5504        352        268         20       1028     331060   ELF Image Totals
      5504        352        268         20          0          0   ROM Totals

==============================================================================

    Total RO  Size (Code + RO Data)                 5772 (   5.64kB)
    Total RW  Size (RW Data + ZI Data)              1048 (   1.02kB)
    Total ROM Size (Code + RO Data + RW Data)       5792 (   5.66kB)

==============================================================================

